###############################################################################
#
# IAR ELF Linker V8.40.2.214/W32 for ARM                  07/Dec/2019  19:54:03
# Copyright 2007-2019 IAR Systems AB.
#
#    Output file  =
#        C:\Users\Victor\Documents\Sistemas Embarcados\COM
#        RTOS\Tiva_RTOS2_IAR8\blinky\ewarm\Exe\blinky.out
#    Map file     =
#        C:\Users\Victor\Documents\Sistemas Embarcados\COM
#        RTOS\Tiva_RTOS2_IAR8\blinky\ewarm\List\blinky.map
#    Command line =
#        -f C:\Users\Victor\AppData\Local\Temp\EWF01F.tmp
#        ("C:\Users\Victor\Documents\Sistemas Embarcados\COM
#        RTOS\Tiva_RTOS2_IAR8\blinky\ewarm\Obj\driverleds.o"
#        "C:\Users\Victor\Documents\Sistemas Embarcados\COM
#        RTOS\Tiva_RTOS2_IAR8\driverlib\ewarm\Exe\driverlib.a"
#        "C:\Users\Victor\Documents\Sistemas Embarcados\COM
#        RTOS\Tiva_RTOS2_IAR8\blinky\ewarm\Obj\main.o"
#        "C:\Users\Victor\Documents\Sistemas Embarcados\COM
#        RTOS\Tiva_RTOS2_IAR8\CMSIS\RTOS2\RTX\Library\IAR\RTX_CM4F.a"
#        "C:\Users\Victor\Documents\Sistemas Embarcados\COM
#        RTOS\Tiva_RTOS2_IAR8\blinky\ewarm\Obj\RTX_Config.o"
#        "C:\Users\Victor\Documents\Sistemas Embarcados\COM
#        RTOS\Tiva_RTOS2_IAR8\blinky\ewarm\Obj\rtx_lib.o"
#        "C:\Users\Victor\Documents\Sistemas Embarcados\COM
#        RTOS\Tiva_RTOS2_IAR8\blinky\ewarm\Obj\startup_tm4c1294.o"
#        "C:\Users\Victor\Documents\Sistemas Embarcados\COM
#        RTOS\Tiva_RTOS2_IAR8\blinky\ewarm\Obj\system_tm4c1294.o"
#        --no_out_extension -o "C:\Users\Victor\Documents\Sistemas
#        Embarcados\COM RTOS\Tiva_RTOS2_IAR8\blinky\ewarm\Exe\blinky.out" --map
#        "C:\Users\Victor\Documents\Sistemas Embarcados\COM
#        RTOS\Tiva_RTOS2_IAR8\blinky\ewarm\List\blinky.map" --config
#        "C:\Program Files (x86)\IAR Systems\Embedded Workbench
#        8.3\arm\config\linker\TexasInstruments\TM4C1294NC.icf" --semihosting
#        --entry __iar_program_start --vfe --text_out locale)
#
###############################################################################

*******************************************************************************
*** MESSAGES
***

Error[Li005]: no definition for "UARTprintf" [referenced from
          C:\Users\Victor\Documents\Sistemas Embarcados\COM
          RTOS\Tiva_RTOS2_IAR8\blinky\ewarm\Obj\main.o]
Error[Li005]: no definition for "UARTgets" [referenced from
          C:\Users\Victor\Documents\Sistemas Embarcados\COM
          RTOS\Tiva_RTOS2_IAR8\blinky\ewarm\Obj\main.o]
Error[Li005]: no definition for "UARTStdioConfig" [referenced from
          C:\Users\Victor\Documents\Sistemas Embarcados\COM
          RTOS\Tiva_RTOS2_IAR8\blinky\ewarm\Obj\main.o]


*******************************************************************************
*** RUNTIME MODEL ATTRIBUTES
***

CppFlavor       = *
__SystemLibrary = DLib
__dlib_version  = 6


*******************************************************************************
*** HEAP SELECTION
***

The basic heap was selected because some modules are built with
size limitations (and not runtime checking), and --advanced_heap
was not specified.


*******************************************************************************
*** PLACEMENT SUMMARY
***

"A0":  place at address 0x0 { ro section .intvec };
"P1":  place in [from 0x0 to 0xf'ffff] { ro };
define block CSTACK with size = 32K, alignment = 8 { };
define block HEAP with size = 64K, alignment = 8 { };
"P2":  place in [from 0x2000'0000 to 0x2003'ffff] {
          rw, block CSTACK, block HEAP };
initialize by copy { rw };

  Section                Kind         Address    Size  Object
  -------                ----         -------    ----  ------
"A0":                                           0x26c
  .intvec                ro code          0x0   0x26c  startup_tm4c1294.o [1]
                                      - 0x26c   0x26c

"P1":                                          0x27fb
  .text                  ro code        0x26c   0x828  rtx_thread.o [2]
  .text                  ro code        0xa94     0x2  rtx_evr.o [2]
  .text                  ro code        0xa96     0x2  rtx_evr.o [2]
  .text                  ro code        0xa98     0x2  rtx_evr.o [2]
  .text                  ro code        0xa9a     0x2  rtx_evr.o [2]
  .text                  ro code        0xa9c     0x2  rtx_evr.o [2]
  .text                  ro code        0xa9e     0x2  rtx_evr.o [2]
  .text                  ro code        0xaa0     0x2  rtx_evr.o [2]
  .text                  ro code        0xaa2     0x2  rtx_evr.o [2]
  .text                  ro code        0xaa4     0x2  rtx_evr.o [2]
  .text                  ro code        0xaa6     0x2  rtx_evr.o [2]
  .text                  ro code        0xaa8     0x2  rtx_evr.o [2]
  .text                  ro code        0xaaa     0x2  rtx_evr.o [2]
  .text                  ro code        0xaac     0x2  rtx_evr.o [2]
  .text                  ro code        0xaae    0x3a  zero_init3.o [5]
  .text                  ro code        0xae8    0xe6  rtx_mempool.o [2]
  .text                  ro code        0xbce     0x2  rtx_evr.o [2]
  .text                  ro code        0xbd0    0x82  rtx_memory.o [2]
  .text                  ro code        0xc52     0x2  RTX_Config.o [1]
  .text                  ro code        0xc54     0x6  ABImemclr4.o [5]
  .text                  ro code        0xc5a     0x2  rtx_evr.o [2]
  .text                  ro code        0xc5c    0x4a  rtx_memory.o [2]
  .text                  ro code        0xca8    0x4c  rtx_mutex.o [2]
  .text                  ro code        0xcf4     0x2  rtx_evr.o [2]
  .text                  ro code        0xcf6     0x2  rtx_evr.o [2]
  .text                  ro code        0xcf8     0x2  rtx_evr.o [2]
  .text                  ro code        0xcfa     0x2  rtx_evr.o [2]
  .text                  ro code        0xcfc     0x2  rtx_evr.o [2]
  .text                  ro code        0xcfe     0x2  RTX_Config.o [1]
  .text                  ro code        0xd00     0x2  rtx_evr.o [2]
  .text                  ro code        0xd02     0x2  rtx_evr.o [2]
  .text                  ro code        0xd04     0x2  rtx_evr.o [2]
  .text                  ro code        0xd06     0x2  rtx_evr.o [2]
  .text                  ro code        0xd08    0x32  ABImemset48.o [5]
  .text                  ro code        0xd3a     0x2  rtx_evr.o [2]
  .text                  ro code        0xd3c     0x2  rtx_evr.o [2]
  .text                  ro code        0xd3e     0x2  rtx_evr.o [2]
  .text                  ro code        0xd40   0x62c  rtx_msgqueue.o [2]
  .text                  ro code       0x136c    0xa6  ABImemcpy.o [5]
  .text                  ro code       0x1412     0x2  rtx_evr.o [2]
  .text                  ro code       0x1414     0x2  rtx_evr.o [2]
  .text                  ro code       0x1416     0x2  rtx_evr.o [2]
  .text                  ro code       0x1418     0x6  ABImemclr.o [5]
  .text                  ro code       0x141e     0x2  rtx_evr.o [2]
  .text                  ro code       0x1420     0x2  rtx_evr.o [2]
  .text                  ro code       0x1422     0x2  rtx_evr.o [2]
  .text                  ro code       0x1424     0x2  rtx_evr.o [2]
  .text                  ro code       0x1426     0x2  rtx_evr.o [2]
  .text                  ro code       0x1428     0x2  rtx_evr.o [2]
  .text                  ro code       0x142a     0x2  rtx_evr.o [2]
  .text                  ro code       0x142c   0x174  rtx_system.o [2]
  .text                  ro code       0x15a0     0x2  rtx_evr.o [2]
  .text                  ro code       0x15a2     0x2  rtx_evr.o [2]
  .text                  ro code       0x15a4    0x5e  ABImemset.o [5]
  .text                  ro code       0x1604     0xc  os_systick.o [2]
  .text                  ro code       0x1610   0x4a8  main.o [1]
  .text                  ro code       0x1ab8    0x58  rtx_delay.o [2]
  .text                  ro code       0x1b10   0x29c  sysctl.o [4]
  .text                  ro code       0x1dac   0x18c  gpio.o [4]
  .text                  ro code       0x1f38    0x3c  system_tm4c1294.o [1]
  .text                  ro code       0x1f74   0x2c4  rtx_kernel.o [2]
  .text                  ro code       0x2238   0x1c8  rtx_timer.o [2]
  .text                  ro code       0x2400     0x2  rtx_evr.o [2]
  .text                  ro code       0x2402     0x2  rtx_evr.o [2]
  .text                  ro code       0x2404    0x44  rtx_memory.o [2]
  .text                  ro code       0x2448     0x2  rtx_evr.o [2]
  .text                  ro code       0x244a     0x2  rtx_evr.o [2]
  .text                  ro code       0x244c    0x40  os_systick.o [2]
  .text                  ro code       0x248c     0x6  os_systick.o [2]
  .text                  ro code       0x2494    0x2c  os_systick.o [2]
  .text                  ro code       0x24c0     0x2  rtx_evr.o [2]
  .text                  ro code       0x24c2     0x2  rtx_lib.o [1]
  .text                  ro code       0x24c4     0x2  rtx_evr.o [2]
  .text                  ro code       0x24c6     0x2  rtx_evr.o [2]
  .text                  ro code       0x24c8     0x2  rtx_evr.o [2]
  .text                  ro code       0x24ca     0x2  rtx_evr.o [2]
  .text                  ro code       0x24cc     0x2  rtx_evr.o [2]
  .text                  ro code       0x24ce     0x2  rtx_evr.o [2]
  .text                  ro code       0x24d0     0x2  rtx_evr.o [2]
  .rodata                const         0x24d4   0x1b0  sysctl.o [4]
  .text                  ro code       0x2684    0xc4  irq_cm4f.o [2]
  .rodata                const         0x2748    0x90  gpio.o [4]
  .rodata                const         0x27d8    0x6c  sysctl.o [4]
  .rodata                const         0x2844    0x68  rtx_lib.o [1]
  .text                  ro code       0x28ac    0x38  packbits_init_single.o [5]
  .rodata                const         0x28e4    0x30  sysctl.o [4]
  .text                  ro code       0x2914    0x28  data_init.o [5]
  .rodata                const         0x293c    0x24  rtx_lib.o [1]
  .rodata                const         0x2960    0x24  rtx_lib.o [1]
  .iar.init_table        const         0x2984    0x20  - Linker created -
  .text                  ro code       0x29a4    0x1e  cmain.o [5]
  .text                  ro code       0x29c2     0x4  low_level_init.o [3]
  .text                  ro code       0x29c6     0x4  exit.o [3]
  .text                  ro code       0x29cc     0xa  cexit.o [5]
  .text                  ro code       0x29d8    0x14  exit.o [6]
  .rodata                const         0x29ec    0x18  rtx_lib.o [1]
  .text                  ro code       0x2a04     0xc  cstartup_M.o [5]
  .text                  ro code       0x2a10     0x2  startup_tm4c1294.o [1]
  .text                  ro code       0x2a14     0x8  startup_tm4c1294.o [1]
  .rodata                const         0x2a1c     0x4  rtx_lib.o [1]
  .text                  ro code       0x2a20     0x4  startup_tm4c1294.o [1]
  .text                  ro code       0x2a24     0x4  startup_tm4c1294.o [1]
  .text                  ro code       0x2a28     0x4  startup_tm4c1294.o [1]
  .text                  ro code       0x2a2c     0x4  startup_tm4c1294.o [1]
  .text                  ro code       0x2a30     0x4  startup_tm4c1294.o [1]
  .text                  ro code       0x2a34     0x4  startup_tm4c1294.o [1]
  .text                  ro code       0x2a38     0x4  startup_tm4c1294.o [1]
  .rodata                const         0x2a3c     0x0  zero_init3.o [5]
  .rodata                const         0x2a3c     0x0  packbits_init_single.o [5]
  Initializer bytes      const         0x2a3c    0x2b  <for P2-1>
                                     - 0x2a67  0x27fb

"P2", part 1 of 3:                               0xd4
  P2-1                            0x2000'0000    0xd4  <Init block>
    .data.os             inited   0x2000'0000    0xa4  rtx_kernel.o [2]
    .data.os.thread.mpi  inited   0x2000'00a4    0x18  rtx_lib.o [1]
    .data.os.thread.mpi  inited   0x2000'00bc    0x18  rtx_lib.o [1]
                                - 0x2000'00d4    0xd4

"P2", part 2 of 3:                             0x1e80
  .bss.os                zero     0x2000'00d8  0x1000  rtx_lib.o [1]
  .bss.os.thread.stack   zero     0x2000'10d8   0x960  rtx_lib.o [1]
  .bss.os.thread.cb      zero     0x2000'1a38   0x198  rtx_lib.o [1]
  .bss.os.thread.stack   zero     0x2000'1bd0   0x100  rtx_lib.o [1]
  .bss.os.thread.stack   zero     0x2000'1cd0   0x100  rtx_lib.o [1]
  .bss.os.msgqueue.mem   zero     0x2000'1dd0    0x50  rtx_lib.o [1]
  .bss.os.thread.cb      zero     0x2000'1e20    0x44  rtx_lib.o [1]
  .bss.os.thread.cb      zero     0x2000'1e64    0x44  rtx_lib.o [1]
  .bss.os                zero     0x2000'1ea8    0x40  rtx_lib.o [1]
  .bss.os.msgqueue.cb    zero     0x2000'1ee8    0x34  rtx_lib.o [1]
  .bss                   zero     0x2000'1f1c    0x30  main.o [1]
  .bss                   zero     0x2000'1f4c     0x4  system_tm4c1294.o [1]
  .bss                   zero     0x2000'1f50     0x1  os_systick.o [2]
                                - 0x2000'1f51  0x1e7d

"P2", part 3 of 3:                             0x8000
  CSTACK                          0x2000'1f58  0x8000  <Block>
    CSTACK               uninit   0x2000'1f58  0x8000  <Block tail>
                                - 0x2000'9f58  0x8000

Unused ranges:

         From           To      Size
         ----           --      ----
       0x2a67     0xf'ffff  0xf'd599
  0x2000'1f54  0x2000'1f57       0x4
  0x2000'9f58  0x2003'ffff  0x3'60a8


*******************************************************************************
*** INIT TABLE
***

          Address      Size
          -------      ----
Zero (__iar_zero_init3)
    1 destination range, total size 0x1e79:
          0x2000'00d8  0x1e79

Copy/packbits (__iar_packbits_init_single3)
    1 source range, total size 0x2b (20% of destination):
               0x2a3c    0x2b
    1 destination range, total size 0xd4:
          0x2000'0000    0xd4



*******************************************************************************
*** MODULE SUMMARY
***

    Module                  ro code  ro data  rw data
    ------                  -------  -------  -------
command line/config:
    -------------------------------------------------
    Total:

C:\Users\Victor\Documents\Sistemas Embarcados\COM RTOS\Tiva_RTOS2_IAR8\blinky\ewarm\Obj: [1]
    RTX_Config.o                  4
    main.o                    1'192                48
    rtx_lib.o                     2      214    7'796
    startup_tm4c1294.o          658
    system_tm4c1294.o            60                 4
    -------------------------------------------------
    Total:                    1'916      214    7'848

RTX_CM4F.a: [2]
    irq_cm4f.o                  196
    os_systick.o                126                 1
    rtx_delay.o                  88
    rtx_evr.o                   102
    rtx_kernel.o                708       33      164
    rtx_memory.o                272
    rtx_mempool.o               230
    rtx_msgqueue.o            1'580
    rtx_mutex.o                  76
    rtx_system.o                372
    rtx_thread.o              2'088
    rtx_timer.o                 456
    -------------------------------------------------
    Total:                    6'294       33      165

dl7M_tln.a: [3]
    exit.o                        4
    low_level_init.o              4
    -------------------------------------------------
    Total:                        8

driverlib.a: [4]
    gpio.o                      396      144
    sysctl.o                    668      588
    -------------------------------------------------
    Total:                    1'064      732

rt7M_tl.a: [5]
    ABImemclr.o                   6
    ABImemclr4.o                  6
    ABImemcpy.o                 166
    ABImemset.o                  94
    ABImemset48.o                50
    cexit.o                      10
    cmain.o                      30
    cstartup_M.o                 12
    data_init.o                  40
    packbits_init_single.o       56
    zero_init3.o                 58
    -------------------------------------------------
    Total:                      528

shb_l.a: [6]
    exit.o                       20
    -------------------------------------------------
    Total:                       20

    Gaps                         12        2        4
    Linker created                        32   32'768
-----------------------------------------------------
    Grand Total:              9'842    1'013   40'785


*******************************************************************************
*** ENTRY LIST
***

Entry                       Address    Size  Type      Object
-----                       -------    ----  ----      ------
.iar.init_table$$Base        0x2984           --   Gb  - Linker created -
.iar.init_table$$Limit       0x29a4           --   Gb  - Linker created -
?main                        0x29a5          Code  Gb  cmain.o [5]
CSTACK$$Base            0x2000'1f58           --   Gb  - Linker created -
CSTACK$$Limit           0x2000'9f58           --   Gb  - Linker created -
EvrRtxEventFlagsWaitTimeout
                              0xa99     0x2  Code  Wk  rtx_evr.o [2]
EvrRtxKernelError            0x2403     0x2  Code  Wk  rtx_evr.o [2]
EvrRtxKernelGetState         0x244b     0x2  Code  Wk  rtx_evr.o [2]
EvrRtxKernelInitialize       0x24c5     0x2  Code  Wk  rtx_evr.o [2]
EvrRtxKernelInitialized
                             0x2449     0x2  Code  Wk  rtx_evr.o [2]
EvrRtxKernelStart            0x24c7     0x2  Code  Wk  rtx_evr.o [2]
EvrRtxKernelStarted          0x24c1     0x2  Code  Wk  rtx_evr.o [2]
EvrRtxMemoryAlloc             0xd07     0x2  Code  Wk  rtx_evr.o [2]
EvrRtxMemoryBlockAlloc        0xd03     0x2  Code  Wk  rtx_evr.o [2]
EvrRtxMemoryBlockFree         0xd05     0x2  Code  Wk  rtx_evr.o [2]
EvrRtxMemoryBlockInit         0xd01     0x2  Code  Wk  rtx_evr.o [2]
EvrRtxMemoryFree              0xd3b     0x2  Code  Wk  rtx_evr.o [2]
EvrRtxMemoryInit             0x24d1     0x2  Code  Wk  rtx_evr.o [2]
EvrRtxMemoryPoolAllocTimeout
                              0xa9f     0x2  Code  Wk  rtx_evr.o [2]
EvrRtxMessageQueueCreated
                             0x141f     0x2  Code  Wk  rtx_evr.o [2]
EvrRtxMessageQueueError
                             0x1417     0x2  Code  Wk  rtx_evr.o [2]
EvrRtxMessageQueueGet        0x15a3     0x2  Code  Wk  rtx_evr.o [2]
EvrRtxMessageQueueGetPending
                             0x1425     0x2  Code  Wk  rtx_evr.o [2]
EvrRtxMessageQueueGetTimeout
                              0xaa1     0x2  Code  Wk  rtx_evr.o [2]
EvrRtxMessageQueueInsertPending
                             0x15a1     0x2  Code  Wk  rtx_evr.o [2]
EvrRtxMessageQueueInserted
                             0x1413     0x2  Code  Wk  rtx_evr.o [2]
EvrRtxMessageQueueNew        0x1429     0x2  Code  Wk  rtx_evr.o [2]
EvrRtxMessageQueueNotInserted
                             0x1423     0x2  Code  Wk  rtx_evr.o [2]
EvrRtxMessageQueueNotRetrieved
                             0x1427     0x2  Code  Wk  rtx_evr.o [2]
EvrRtxMessageQueuePut        0x142b     0x2  Code  Wk  rtx_evr.o [2]
EvrRtxMessageQueuePutPending
                             0x1421     0x2  Code  Wk  rtx_evr.o [2]
EvrRtxMessageQueuePutTimeout
                              0xaa3     0x2  Code  Wk  rtx_evr.o [2]
EvrRtxMessageQueueRetrieved
                             0x1415     0x2  Code  Wk  rtx_evr.o [2]
EvrRtxMutexAcquireTimeout
                              0xa9b     0x2  Code  Wk  rtx_evr.o [2]
EvrRtxMutexAcquired           0xd3f     0x2  Code  Wk  rtx_evr.o [2]
EvrRtxMutexReleased           0xd3d     0x2  Code  Wk  rtx_evr.o [2]
EvrRtxSemaphoreAcquireTimeout
                              0xa9d     0x2  Code  Wk  rtx_evr.o [2]
EvrRtxThreadBlocked           0xaab     0x2  Code  Wk  rtx_evr.o [2]
EvrRtxThreadCreated           0xc5b     0x2  Code  Wk  rtx_evr.o [2]
EvrRtxThreadDelay            0x2401     0x2  Code  Wk  rtx_evr.o [2]
EvrRtxThreadDelayCompleted
                              0xa95     0x2  Code  Wk  rtx_evr.o [2]
EvrRtxThreadDestroyed         0xcf7     0x2  Code  Wk  rtx_evr.o [2]
EvrRtxThreadError             0xbcf     0x2  Code  Wk  rtx_evr.o [2]
EvrRtxThreadExit              0xcfd     0x2  Code  Wk  rtx_evr.o [2]
EvrRtxThreadFlagsWaitCompleted
                              0xaad     0x2  Code  Wk  rtx_evr.o [2]
EvrRtxThreadFlagsWaitTimeout
                              0xa97     0x2  Code  Wk  rtx_evr.o [2]
EvrRtxThreadJoined            0xcf5     0x2  Code  Wk  rtx_evr.o [2]
EvrRtxThreadNew               0xcf9     0x2  Code  Wk  rtx_evr.o [2]
EvrRtxThreadPreempted         0xaa7     0x2  Code  Wk  rtx_evr.o [2]
EvrRtxThreadSwitched          0xaa9     0x2  Code  Wk  rtx_evr.o [2]
EvrRtxThreadUnblocked         0xaa5     0x2  Code  Wk  rtx_evr.o [2]
EvrRtxThreadYield             0xcfb     0x2  Code  Wk  rtx_evr.o [2]
EvrRtxTimerCallback          0x24cf     0x2  Code  Wk  rtx_evr.o [2]
EvrRtxTimerCreated           0x24c9     0x2  Code  Wk  rtx_evr.o [2]
EvrRtxTimerError             0x24cb     0x2  Code  Wk  rtx_evr.o [2]
EvrRtxTimerNew               0x24cd     0x2  Code  Wk  rtx_evr.o [2]
GPIODirModeSet               0x1dad    0x28  Code  Gb  gpio.o [4]
GPIOPadConfigSet             0x1dd5   0x102  Code  Gb  gpio.o [4]
GPIOPinConfigure             0x1ef7    0x36  Code  Gb  gpio.o [4]
GPIOPinTypeUART              0x1ee3    0x14  Code  Gb  gpio.o [4]
MessageQueueGet               0xd8d    0x40  Code  Lc  rtx_msgqueue.o [2]
MessageQueuePut               0xd41    0x4a  Code  Lc  rtx_msgqueue.o [2]
MessageQueueRemove            0xdcd    0x1a  Code  Lc  rtx_msgqueue.o [2]
OS_Tick_AcknowledgeIRQ       0x1605     0xc  Code  Wk  os_systick.o [2]
OS_Tick_Enable               0x2495    0x2c  Code  Wk  os_systick.o [2]
OS_Tick_GetIRQn              0x248d     0x6  Code  Wk  os_systick.o [2]
OS_Tick_Setup                0x244d    0x40  Code  Wk  os_systick.o [2]
PendST                  0x2000'1f50     0x1  Data  Lc  os_systick.o [2]
PendSV_Handler               0x271d          Code  Gb  irq_cm4f.o [2]
Region$$Table$$Base          0x2984           --   Gb  - Linker created -
Region$$Table$$Limit         0x29a4           --   Gb  - Linker created -
SVC_Handler                  0x2685          Code  Gb  irq_cm4f.o [2]
SysCtlClockFreqSet           0x1b71   0x1fc  Code  Gb  sysctl.o [4]
SysCtlPeripheralEnable       0x1b53     0x8  Code  Gb  sysctl.o [4]
SysCtlPeripheralReady        0x1b31     0x8  Code  Gb  sysctl.o [4]
SysTick_Handler              0x272d          Code  Gb  irq_cm4f.o [2]
SystemCoreClock         0x2000'1f4c     0x4  Data  Gb  system_tm4c1294.o [1]
SystemInit                   0x1f39    0x20  Code  Gb  system_tm4c1294.o [1]
ThreadFlagsCheck              0x26d    0x6c  Code  Lc  rtx_thread.o [2]
TimerInsert                  0x2239    0x38  Code  Lc  rtx_timer.o [2]
UARTInit                     0x199b    0x50  Code  Gb  main.o [1]
UART_READ                    0x193d    0x36  Code  Gb  main.o [1]
UART_READ_id            0x2000'1f28     0x4  Data  Gb  main.o [1]
UART_WRITE                   0x1975    0x26  Code  Gb  main.o [1]
UART_WRITE_id           0x2000'1f2c     0x4  Data  Gb  main.o [1]
_SysCtlMemTimingGet          0x1b11    0x20  Code  Lc  sysctl.o [4]
__Vectors                       0x0           --   Gb  startup_tm4c1294.o [1]
__Vectors_End                 0x26c          Data  Gb  startup_tm4c1294.o [1]
__Vectors_Size {Abs}          0x26c           --   Gb  startup_tm4c1294.o [1]
__aeabi_memclr               0x1419          Code  Gb  ABImemclr.o [5]
__aeabi_memclr4               0xc55          Code  Gb  ABImemclr4.o [5]
__aeabi_memcpy               0x136d          Code  Gb  ABImemcpy.o [5]
__aeabi_memcpy4              0x138d          Code  Gb  ABImemcpy.o [5]
__aeabi_memcpy8              0x138d          Code  Gb  ABImemcpy.o [5]
__cmain                      0x29a5          Code  Gb  cmain.o [5]
__exit                       0x29d9    0x14  Code  Gb  exit.o [6]
__iar_Memset4_word            0xd09          Code  Gb  ABImemset48.o [5]
__iar_Memset8_word            0xd09          Code  Gb  ABImemset48.o [5]
__iar_Memset_word            0x15a5          Code  Gb  ABImemset.o [5]
__iar_data_init3             0x2915    0x28  Code  Gb  data_init.o [5]
__iar_init_vfp               0x2a11          Code  Wk  startup_tm4c1294.o [1]
__iar_packbits_init_single3
                             0x28ad    0x38  Code  Gb  packbits_init_single.o [5]
__iar_program_start          0x2a05          Code  Gb  cstartup_M.o [5]
__iar_zero_init3              0xaaf    0x3a  Code  Gb  zero_init3.o [5]
__low_level_init             0x29c3     0x4  Code  Gb  low_level_init.o [3]
__vector_table                  0x0          Data  Gb  startup_tm4c1294.o [1]
__vector_table_0x1c            0x1c          Data  Gb  startup_tm4c1294.o [1]
_call_main                   0x29b1          Code  Gb  cmain.o [5]
_exit                        0x29cd          Code  Gb  cexit.o [5]
_main                        0x29bf          Code  Gb  cmain.o [5]
abrir                        0x1681     0x8  Code  Gb  main.o [1]
atender_andar                0x16c9    0x3e  Code  Gb  main.o [1]
callback                     0x1611     0x2  Code  Gb  main.o [1]
chamadas_abaixo              0x1733    0x1c  Code  Gb  main.o [1]
chamadas_acima               0x1707    0x16  Code  Gb  main.o [1]
comparar_andar               0x1663    0x14  Code  Gb  main.o [1]
descer                       0x16b5     0xa  Code  Gb  main.o [1]
elevador                     0x177b   0x1b2  Code  Gb  main.o [1]
elevador_cen_id         0x2000'1f20     0x4  Data  Gb  main.o [1]
elevador_dir_id         0x2000'1f24     0x4  Data  Gb  main.o [1]
elevador_esq_id         0x2000'1f1c     0x4  Data  Gb  main.o [1]
exit                         0x29c7     0x4  Code  Gb  exit.o [3]
fechar                       0x16a1     0xa  Code  Gb  main.o [1]
fila_cen_id             0x2000'1f44     0x4  Data  Gb  main.o [1]
fila_dir_id             0x2000'1f40     0x4  Data  Gb  main.o [1]
fila_envio_id           0x2000'1f48     0x4  Data  Gb  main.o [1]
fila_esq_id             0x2000'1f3c     0x4  Data  Gb  main.o [1]
g_pppui32XTALtoVCO           0x24d4   0x1b0  Data  Lc  sysctl.o [4]
g_pui32GPIOBaseAddrs         0x2748    0x90  Data  Lc  gpio.o [4]
g_pui32VCOFrequencies        0x1da4     0x8  Data  Lc  sysctl.o [4]
g_pui32Xtals                 0x27d8    0x6c  Data  Lc  sysctl.o [4]
g_sXTALtoMEMTIM              0x28e4    0x30  Data  Lc  sysctl.o [4]
lerandar                     0x1613     0xa  Code  Gb  main.o [1]
main                         0x19eb    0x8e  Code  Gb  main.o [1]
osDelay                      0x1ad1    0x3a  Code  Gb  rtx_delay.o [2]
osKernelGetState             0x219d    0x40  Code  Gb  rtx_kernel.o [2]
osKernelInitialize           0x2165    0x38  Code  Gb  rtx_kernel.o [2]
osKernelStart                0x21dd    0x34  Code  Gb  rtx_kernel.o [2]
osMessageQueueGet            0x12c9    0x90  Code  Gb  rtx_msgqueue.o [2]
osMessageQueueNew            0x11f1    0x3e  Code  Gb  rtx_msgqueue.o [2]
osMessageQueuePut            0x1231    0x98  Code  Gb  rtx_msgqueue.o [2]
osRtxConfig                  0x2844    0x68  Data  Gb  rtx_lib.o [1]
osRtxErrorNotify              0xcff     0x2  Code  Wk  RTX_Config.o [1]
osRtxIdleThread               0xc53     0x2  Code  Wk  RTX_Config.o [1]
osRtxInfo               0x2000'0000    0xa4  Data  Gb  rtx_kernel.o [2]
osRtxKernelPreInit           0x24c3     0x2  Code  Gb  rtx_lib.o [1]
osRtxMemoryAlloc              0xbd1    0x82  Code  Wk  rtx_memory.o [2]
osRtxMemoryFree               0xc5d    0x4a  Code  Wk  rtx_memory.o [2]
osRtxMemoryInit              0x2405    0x44  Code  Wk  rtx_memory.o [2]
osRtxMemoryPoolAlloc          0xb35    0x44  Code  Gb  rtx_mempool.o [2]
osRtxMemoryPoolFree           0xb79    0x56  Code  Gb  rtx_mempool.o [2]
osRtxMemoryPoolInit           0xae9    0x4a  Code  Gb  rtx_mempool.o [2]
osRtxMessageQueuePostProcess
                              0xde7    0xee  Code  Lc  rtx_msgqueue.o [2]
osRtxMutexOwnerRelease        0xca9    0x4c  Code  Gb  rtx_mutex.o [2]
osRtxPendSV_Handler          0x149d    0x8a  Code  Gb  rtx_system.o [2]
osRtxPostProcess             0x1529    0x6e  Code  Gb  rtx_system.o [2]
osRtxThreadBlock              0x4fd    0x34  Code  Lc  rtx_thread.o [2]
osRtxThreadDelayInsert        0x331    0x62  Code  Lc  rtx_thread.o [2]
osRtxThreadDelayRemove        0x393    0x60  Code  Lc  rtx_thread.o [2]
osRtxThreadDelayTick          0x3f3    0xf6  Code  Gb  rtx_thread.o [2]
osRtxThreadDispatch           0x54d    0x5c  Code  Gb  rtx_thread.o [2]
osRtxThreadFree               0x885    0x56  Code  Lc  rtx_thread.o [2]
osRtxThreadListGet            0x2fd    0x16  Code  Gb  rtx_thread.o [2]
osRtxThreadListPut            0x2d9    0x24  Code  Gb  rtx_thread.o [2]
osRtxThreadListRemove         0x313    0x16  Code  Gb  rtx_thread.o [2]
osRtxThreadPostProcess        0x61f    0x50  Code  Lc  rtx_thread.o [2]
osRtxThreadReadyPut           0x329     0x8  Code  Gb  rtx_thread.o [2]
osRtxThreadRegPtr             0x4e9    0x14  Code  Gb  rtx_thread.o [2]
osRtxThreadStartup            0x975    0x3e  Code  Gb  rtx_thread.o [2]
osRtxThreadSwitch             0x531    0x1c  Code  Gb  rtx_thread.o [2]
osRtxThreadWaitEnter          0x5e3    0x3c  Code  Gb  rtx_thread.o [2]
osRtxThreadWaitExit           0x5af    0x2e  Code  Gb  rtx_thread.o [2]
osRtxTick_Handler            0x142d    0x6e  Code  Gb  rtx_system.o [2]
osRtxTimerThread             0x23b5    0x4c  Code  Wk  rtx_timer.o [2]
osRtxTimerTick               0x2271    0x54  Code  Lc  rtx_timer.o [2]
osRtxUserSVC                 0x2a1c     0x4  Data  Wk  rtx_lib.o [1]
osThreadExit                  0xa31    0x16  Code  Gb  rtx_thread.o [2]
osThreadNew                   0x9b5    0x40  Code  Gb  rtx_thread.o [2]
osThreadYield                 0x9f5    0x36  Code  Gb  rtx_thread.o [2]
osTimerNew                   0x2365    0x42  Code  Gb  rtx_timer.o [2]
os_idle_thread_attr          0x293c    0x24  Data  Lc  rtx_lib.o [1]
os_idle_thread_cb       0x2000'1e20    0x44  Data  Lc  rtx_lib.o [1]
os_idle_thread_stack    0x2000'1bd0   0x100  Data  Lc  rtx_lib.o [1]
os_isr_queue            0x2000'1ea8    0x40  Data  Lc  rtx_lib.o [1]
os_mem                  0x2000'00d8  0x1000  Data  Lc  rtx_lib.o [1]
os_mpi_def_stack        0x2000'00bc    0x18  Data  Lc  rtx_lib.o [1]
os_mpi_thread           0x2000'00a4    0x18  Data  Lc  rtx_lib.o [1]
os_thread_cb            0x2000'1a38   0x198  Data  Lc  rtx_lib.o [1]
os_thread_def_stack     0x2000'10d8   0x960  Data  Lc  rtx_lib.o [1]
os_timer_mq_attr             0x29ec    0x18  Data  Lc  rtx_lib.o [1]
os_timer_mq_cb          0x2000'1ee8    0x34  Data  Lc  rtx_lib.o [1]
os_timer_mq_data        0x2000'1dd0    0x50  Data  Lc  rtx_lib.o [1]
os_timer_thread_attr         0x2960    0x24  Data  Lc  rtx_lib.o [1]
os_timer_thread_cb      0x2000'1e64    0x44  Data  Lc  rtx_lib.o [1]
os_timer_thread_stack   0x2000'1cd0   0x100  Data  Lc  rtx_lib.o [1]
parar                        0x16bf     0xa  Code  Gb  main.o [1]
prencher_chamada             0x1655     0xe  Code  Gb  main.o [1]
prencher_parada              0x1629     0xe  Code  Gb  main.o [1]
resetar                      0x1677     0xa  Code  Gb  main.o [1]
retirar_chamada              0x1645    0x10  Code  Gb  main.o [1]
retirar_parada               0x1637     0xe  Code  Gb  main.o [1]
subir                        0x16ab     0xa  Code  Gb  main.o [1]
svcRtxDelay                  0x1ab9    0x16  Code  Lc  rtx_delay.o [2]
svcRtxKernelGetState         0x20bb    0x12  Code  Lc  rtx_kernel.o [2]
svcRtxKernelInitialize       0x1f75   0x146  Code  Lc  rtx_kernel.o [2]
svcRtxKernelStart            0x20cd    0x98  Code  Lc  rtx_kernel.o [2]
svcRtxMessageQueueGet        0x10d9    0xee  Code  Lc  rtx_msgqueue.o [2]
svcRtxMessageQueueNew         0xed5   0x130  Code  Lc  rtx_msgqueue.o [2]
svcRtxMessageQueuePut        0x1005    0xd4  Code  Lc  rtx_msgqueue.o [2]
svcRtxThreadExit              0x8db    0x96  Code  Lc  rtx_thread.o [2]
svcRtxThreadNew               0x66f   0x1c8  Code  Lc  rtx_thread.o [2]
svcRtxThreadYield             0x83d    0x48  Code  Lc  rtx_thread.o [2]
svcRtxTimerNew               0x22c5    0x9e  Code  Lc  rtx_timer.o [2]
timer_cen_id            0x2000'1f34     0x4  Data  Gb  main.o [1]
timer_dir_id            0x2000'1f38     0x4  Data  Gb  main.o [1]
timer_esq_id            0x2000'1f30     0x4  Data  Gb  main.o [1]
transferir_primeiro          0x174f    0x1a  Code  Gb  main.o [1]
transferir_ultimo            0x171d    0x16  Code  Gb  main.o [1]


[1] = C:\Users\Victor\Documents\Sistemas Embarcados\COM RTOS\Tiva_RTOS2_IAR8\blinky\ewarm\Obj
[2] = RTX_CM4F.a
[3] = dl7M_tln.a
[4] = driverlib.a
[5] = rt7M_tl.a
[6] = shb_l.a

   9'842 bytes of readonly  code memory
   1'013 bytes of readonly  data memory
  40'785 bytes of readwrite data memory

Errors: 3
Warnings: none
