###############################################################################
#
# IAR ELF Linker V8.40.2.214/W32 for ARM                  09/Dec/2019  20:42:40
# Copyright 2007-2019 IAR Systems AB.
#
#    Output file  =
#        C:\Users\Victor\Documents\Sistemas Embarcados\COM
#        RTOS\Tiva_RTOS2_IAR8\Lab3_Elevador\Debug\Exe\Elevador.out
#    Map file     =
#        C:\Users\Victor\Documents\Sistemas Embarcados\COM
#        RTOS\Tiva_RTOS2_IAR8\Lab3_Elevador\Debug\List\Elevador.map
#    Command line =
#        -f C:\Users\Victor\AppData\Local\Temp\EW281E.tmp
#        ("C:\Users\Victor\Documents\Sistemas Embarcados\COM
#        RTOS\Tiva_RTOS2_IAR8\driverlib\ewarm\Exe\driverlib.a"
#        "C:\Users\Victor\Documents\Sistemas Embarcados\COM
#        RTOS\Tiva_RTOS2_IAR8\Lab3_Elevador\Debug\Obj\lab3.o"
#        "C:\Users\Victor\Documents\Sistemas Embarcados\COM
#        RTOS\Tiva_RTOS2_IAR8\CMSIS\RTOS2\RTX\Library\IAR\RTX_CM4F.a"
#        "C:\Users\Victor\Documents\Sistemas Embarcados\COM
#        RTOS\Tiva_RTOS2_IAR8\Lab3_Elevador\Debug\Obj\RTX_Config.o"
#        "C:\Users\Victor\Documents\Sistemas Embarcados\COM
#        RTOS\Tiva_RTOS2_IAR8\Lab3_Elevador\Debug\Obj\rtx_lib.o"
#        "C:\Users\Victor\Documents\Sistemas Embarcados\COM
#        RTOS\Tiva_RTOS2_IAR8\Lab3_Elevador\Debug\Obj\startup_tm4c1294.o"
#        "C:\Users\Victor\Documents\Sistemas Embarcados\COM
#        RTOS\Tiva_RTOS2_IAR8\Lab3_Elevador\Debug\Obj\system_TM4C1294.o"
#        "C:\Users\Victor\Documents\Sistemas Embarcados\COM
#        RTOS\Tiva_RTOS2_IAR8\Lab3_Elevador\Debug\Obj\uartstdio.o"
#        --no_out_extension -o "C:\Users\Victor\Documents\Sistemas
#        Embarcados\COM
#        RTOS\Tiva_RTOS2_IAR8\Lab3_Elevador\Debug\Exe\Elevador.out" --map
#        "C:\Users\Victor\Documents\Sistemas Embarcados\COM
#        RTOS\Tiva_RTOS2_IAR8\Lab3_Elevador\Debug\List\Elevador.map" --config
#        "C:\Program Files (x86)\IAR Systems\Embedded Workbench
#        8.3\arm\config\linker\TexasInstruments\TM4C1294NC.icf" --semihosting
#        --entry __iar_program_start --vfe --text_out locale)
#
###############################################################################

*******************************************************************************
*** RUNTIME MODEL ATTRIBUTES
***

CppFlavor       = *
__SystemLibrary = DLib
__dlib_version  = 6


*******************************************************************************
*** HEAP SELECTION
***

The basic heap was selected because some modules are built with
size limitations (and not runtime checking), and --advanced_heap
was not specified.


*******************************************************************************
*** PLACEMENT SUMMARY
***

"A0":  place at address 0x0 { ro section .intvec };
"P1":  place in [from 0x0 to 0xf'ffff] { ro };
define block CSTACK with size = 32K, alignment = 8 { };
define block HEAP with size = 64K, alignment = 8 { };
"P2":  place in [from 0x2000'0000 to 0x2003'ffff] {
          rw, block CSTACK, block HEAP };
initialize by copy { rw };

  Section                Kind         Address    Size  Object
  -------                ----         -------    ----  ------
"A0":                                           0x26c
  .intvec                ro code          0x0   0x26c  startup_tm4c1294.o [1]
                                      - 0x26c   0x26c

"P1":                                          0x304f
  .text                  ro code        0x26c   0x828  rtx_thread.o [2]
  .text                  ro code        0xa94     0x2  rtx_evr.o [2]
  .text                  ro code        0xa96     0x2  rtx_evr.o [2]
  .text                  ro code        0xa98     0x2  rtx_evr.o [2]
  .text                  ro code        0xa9a     0x2  rtx_evr.o [2]
  .text                  ro code        0xa9c     0x2  rtx_evr.o [2]
  .text                  ro code        0xa9e     0x2  rtx_evr.o [2]
  .text                  ro code        0xaa0     0x2  rtx_evr.o [2]
  .text                  ro code        0xaa2     0x2  rtx_evr.o [2]
  .text                  ro code        0xaa4     0x2  rtx_evr.o [2]
  .text                  ro code        0xaa6     0x2  rtx_evr.o [2]
  .text                  ro code        0xaa8     0x2  rtx_evr.o [2]
  .text                  ro code        0xaaa     0x2  rtx_evr.o [2]
  .text                  ro code        0xaac     0x2  rtx_evr.o [2]
  .text                  ro code        0xaae    0x3a  zero_init3.o [5]
  .text                  ro code        0xae8    0xe6  rtx_mempool.o [2]
  .text                  ro code        0xbce     0x2  rtx_evr.o [2]
  .text                  ro code        0xbd0    0x82  rtx_memory.o [2]
  .text                  ro code        0xc52     0x2  RTX_Config.o [1]
  .text                  ro code        0xc54     0x6  ABImemclr4.o [5]
  .text                  ro code        0xc5a     0x2  rtx_evr.o [2]
  .text                  ro code        0xc5c    0x4a  rtx_memory.o [2]
  .text                  ro code        0xca8    0x4c  rtx_mutex.o [2]
  .text                  ro code        0xcf4     0x2  rtx_evr.o [2]
  .text                  ro code        0xcf6     0x2  rtx_evr.o [2]
  .text                  ro code        0xcf8     0x2  rtx_evr.o [2]
  .text                  ro code        0xcfa     0x2  rtx_evr.o [2]
  .text                  ro code        0xcfc     0x2  rtx_evr.o [2]
  .text                  ro code        0xcfe    0x20  RTX_Config.o [1]
  .text                  ro code        0xd1e     0x2  rtx_evr.o [2]
  .text                  ro code        0xd20     0x2  rtx_evr.o [2]
  .text                  ro code        0xd22     0x2  rtx_evr.o [2]
  .text                  ro code        0xd24     0x2  rtx_evr.o [2]
  .text                  ro code        0xd28    0x32  ABImemset48.o [5]
  .text                  ro code        0xd5a     0x2  rtx_evr.o [2]
  .text                  ro code        0xd5c     0x2  rtx_evr.o [2]
  .text                  ro code        0xd5e     0x2  rtx_evr.o [2]
  .text                  ro code        0xd60   0x6f4  lab3.o [1]
  .text                  ro code       0x1454   0x62c  rtx_msgqueue.o [2]
  .text                  ro code       0x1a80    0x58  rtx_delay.o [2]
  .text                  ro code       0x1ad8   0x448  uartstdio.o [1]
  .text                  ro code       0x1f20    0x58  sysctl.o [4]
  .text                  ro code       0x1f78   0x18c  gpio.o [4]
  .text                  ro code       0x2104   0x1e8  system_TM4C1294.o [1]
  .text                  ro code       0x22ec   0x2c4  rtx_kernel.o [2]
  .text                  ro code       0x25b0   0x1c8  rtx_timer.o [2]
  .text                  ro code       0x2778    0xa6  ABImemcpy.o [5]
  .text                  ro code       0x281e     0x2  rtx_evr.o [2]
  .text                  ro code       0x2820     0x2  rtx_evr.o [2]
  .text                  ro code       0x2822     0x2  rtx_evr.o [2]
  .text                  ro code       0x2824     0x6  ABImemclr.o [5]
  .text                  ro code       0x282a     0x2  rtx_evr.o [2]
  .text                  ro code       0x282c     0x2  rtx_evr.o [2]
  .text                  ro code       0x282e     0x2  rtx_evr.o [2]
  .text                  ro code       0x2830     0x2  rtx_evr.o [2]
  .text                  ro code       0x2832     0x2  rtx_evr.o [2]
  .text                  ro code       0x2834     0x2  rtx_evr.o [2]
  .text                  ro code       0x2836     0x2  rtx_evr.o [2]
  .text                  ro code       0x2838   0x174  rtx_system.o [2]
  .text                  ro code       0x29ac     0x2  rtx_evr.o [2]
  .text                  ro code       0x29ae     0x2  rtx_evr.o [2]
  .text                  ro code       0x29b0     0x2  rtx_evr.o [2]
  .text                  ro code       0x29b4    0xec  interrupt.o [4]
  .text                  ro code       0x2aa0    0xe6  uart.o [4]
  .text                  ro code       0x2b86     0x2  rtx_evr.o [2]
  .text                  ro code       0x2b88    0x44  rtx_memory.o [2]
  .text                  ro code       0x2bcc     0x2  rtx_evr.o [2]
  .text                  ro code       0x2bce     0x2  rtx_evr.o [2]
  .text                  ro code       0x2bd0    0x40  os_systick.o [2]
  .text                  ro code       0x2c10     0x6  os_systick.o [2]
  .text                  ro code       0x2c18    0x2c  os_systick.o [2]
  .text                  ro code       0x2c44     0x2  rtx_evr.o [2]
  .text                  ro code       0x2c46     0x2  rtx_lib.o [1]
  .text                  ro code       0x2c48     0x2  rtx_evr.o [2]
  .text                  ro code       0x2c4a     0x2  rtx_evr.o [2]
  .text                  ro code       0x2c4c     0x2  rtx_evr.o [2]
  .text                  ro code       0x2c4e     0x2  rtx_evr.o [2]
  .text                  ro code       0x2c50     0x2  rtx_evr.o [2]
  .text                  ro code       0x2c52     0x2  rtx_evr.o [2]
  .text                  ro code       0x2c54    0x5e  ABImemset.o [5]
  .text                  ro code       0x2cb4     0xc  os_systick.o [2]
  .text                  ro code       0x2cc0    0x10  cpu.o [4]
  .text                  ro code       0x2cd0     0x2  rtx_evr.o [2]
  .rodata                const         0x2cd4   0x1b0  system_TM4C1294.o [1]
  .text                  ro code       0x2e84    0xc4  irq_cm4f.o [2]
  .rodata                const         0x2f48    0x90  gpio.o [4]
  .rodata                const         0x2fd8    0x6c  system_TM4C1294.o [1]
  .rodata                const         0x3044    0x68  rtx_lib.o [1]
  .text                  ro code       0x30ac    0x38  packbits_init_single.o [5]
  .rodata                const         0x30e4    0x30  system_TM4C1294.o [1]
  .text                  ro code       0x3114    0x28  data_init.o [5]
  .rodata                const         0x313c    0x24  rtx_lib.o [1]
  .rodata                const         0x3160    0x24  rtx_lib.o [1]
  .iar.init_table        const         0x3184    0x20  - Linker created -
  .text                  ro code       0x31a4    0x1e  cmain.o [5]
  .text                  ro code       0x31c2     0x4  low_level_init.o [3]
  .text                  ro code       0x31c6     0x4  exit.o [3]
  .text                  ro code       0x31cc     0xa  cexit.o [5]
  .text                  ro code       0x31d8    0x14  exit.o [6]
  .rodata                const         0x31ec    0x18  rtx_lib.o [1]
  .rodata                const         0x3204    0x14  uartstdio.o [1]
  .rodata                const         0x3218     0xc  uartstdio.o [1]
  .rodata                const         0x3224     0xc  uartstdio.o [1]
  .rodata                const         0x3230     0xc  uartstdio.o [1]
  .text                  ro code       0x323c     0xc  cstartup_M.o [5]
  .text                  ro code       0x3248     0x2  startup_tm4c1294.o [1]
  .rodata                const         0x324c     0x8  lab3.o [1]
  .rodata                const         0x3254     0x8  system_TM4C1294.o [1]
  .rodata                const         0x325c     0x8  uartstdio.o [1]
  .text                  ro code       0x3264     0x8  startup_tm4c1294.o [1]
  .rodata                const         0x326c     0x4  rtx_lib.o [1]
  .rodata                const         0x3270     0x4  uartstdio.o [1]
  .text                  ro code       0x3274     0x4  startup_tm4c1294.o [1]
  .text                  ro code       0x3278     0x4  startup_tm4c1294.o [1]
  .text                  ro code       0x327c     0x4  startup_tm4c1294.o [1]
  .text                  ro code       0x3280     0x4  startup_tm4c1294.o [1]
  .text                  ro code       0x3284     0x4  startup_tm4c1294.o [1]
  .text                  ro code       0x3288     0x4  startup_tm4c1294.o [1]
  .text                  ro code       0x328c     0x4  startup_tm4c1294.o [1]
  .rodata                const         0x3290     0x0  zero_init3.o [5]
  .rodata                const         0x3290     0x0  packbits_init_single.o [5]
  Initializer bytes      const         0x3290    0x2b  <for P2-1>
                                     - 0x32bb  0x304f

"P2", part 1 of 3:                               0xd4
  P2-1                            0x2000'0000    0xd4  <Init block>
    .data.os             inited   0x2000'0000    0xa4  rtx_kernel.o [2]
    .data.os.thread.mpi  inited   0x2000'00a4    0x18  rtx_lib.o [1]
    .data.os.thread.mpi  inited   0x2000'00bc    0x18  rtx_lib.o [1]
                                - 0x2000'00d4    0xd4

"P2", part 2 of 3:                             0x2314
  .bss.os                zero     0x2000'00d8  0x1000  rtx_lib.o [1]
  .bss.os.thread.stack   zero     0x2000'10d8   0x960  rtx_lib.o [1]
  .bss                   zero     0x2000'1a38   0x400  uartstdio.o [1]
  .bss.os.thread.cb      zero     0x2000'1e38   0x198  rtx_lib.o [1]
  .bss.os.thread.stack   zero     0x2000'1fd0   0x100  rtx_lib.o [1]
  .bss.os.thread.stack   zero     0x2000'20d0   0x100  rtx_lib.o [1]
  .bss                   zero     0x2000'21d0    0x80  uartstdio.o [1]
  .bss.os.msgqueue.mem   zero     0x2000'2250    0x50  rtx_lib.o [1]
  .bss.os.thread.cb      zero     0x2000'22a0    0x44  rtx_lib.o [1]
  .bss.os.thread.cb      zero     0x2000'22e4    0x44  rtx_lib.o [1]
  .bss.os                zero     0x2000'2328    0x40  rtx_lib.o [1]
  .bss.os.msgqueue.cb    zero     0x2000'2368    0x34  rtx_lib.o [1]
  .bss                   zero     0x2000'239c     0x4  lab3.o [1]
  .bss                   zero     0x2000'23a0     0x4  lab3.o [1]
  .bss                   zero     0x2000'23a4     0x4  lab3.o [1]
  .bss                   zero     0x2000'23a8     0x4  lab3.o [1]
  .bss                   zero     0x2000'23ac     0x4  lab3.o [1]
  .bss                   zero     0x2000'23b0     0x4  lab3.o [1]
  .bss                   zero     0x2000'23b4     0x4  lab3.o [1]
  .bss                   zero     0x2000'23b8     0x4  lab3.o [1]
  .bss                   zero     0x2000'23bc     0x4  lab3.o [1]
  .bss                   zero     0x2000'23c0     0x4  lab3.o [1]
  .bss                   zero     0x2000'23c4     0x4  lab3.o [1]
  .bss                   zero     0x2000'23c8     0x4  lab3.o [1]
  .bss                   zero     0x2000'23cc     0x4  uartstdio.o [1]
  .bss                   zero     0x2000'23d0     0x4  uartstdio.o [1]
  .bss                   zero     0x2000'23d4     0x4  uartstdio.o [1]
  .bss                   zero     0x2000'23d8     0x4  uartstdio.o [1]
  .bss                   zero     0x2000'23dc     0x4  uartstdio.o [1]
  .bss                   zero     0x2000'23e0     0x4  uartstdio.o [1]
  .bss                   zero     0x2000'23e4     0x1  os_systick.o [2]
                                - 0x2000'23e5  0x2311

"P2", part 3 of 3:                             0x8008
  .noinit                uninit   0x2000'23e8     0x4  system_TM4C1294.o [1]
  CSTACK                          0x2000'23f0  0x8000  <Block>
    CSTACK               uninit   0x2000'23f0  0x8000  <Block tail>
                                - 0x2000'a3f0  0x8008

Unused ranges:

         From           To      Size
         ----           --      ----
       0x32bb     0xf'ffff  0xf'cd45
  0x2000'a3f0  0x2003'ffff  0x3'5c10


*******************************************************************************
*** INIT TABLE
***

          Address      Size
          -------      ----
Zero (__iar_zero_init3)
    1 destination range, total size 0x230d:
          0x2000'00d8  0x230d

Copy/packbits (__iar_packbits_init_single3)
    1 source range, total size 0x2b (20% of destination):
               0x3290    0x2b
    1 destination range, total size 0xd4:
          0x2000'0000    0xd4



*******************************************************************************
*** MODULE SUMMARY
***

    Module                  ro code  ro data  rw data
    ------                  -------  -------  -------
command line/config:
    -------------------------------------------------
    Total:

C:\Users\Victor\Documents\Sistemas Embarcados\COM RTOS\Tiva_RTOS2_IAR8\Lab3_Elevador\Debug\Obj: [1]
    RTX_Config.o                 34
    lab3.o                    1'780        8       48
    rtx_lib.o                     2      214    7'796
    startup_tm4c1294.o          658
    system_TM4C1294.o           488      596        4
    uartstdio.o               1'096       68    1'176
    -------------------------------------------------
    Total:                    4'058      886    9'024

RTX_CM4F.a: [2]
    irq_cm4f.o                  196
    os_systick.o                126                 1
    rtx_delay.o                  88
    rtx_evr.o                   102
    rtx_kernel.o                708       33      164
    rtx_memory.o                272
    rtx_mempool.o               230
    rtx_msgqueue.o            1'580
    rtx_mutex.o                  76
    rtx_system.o                372
    rtx_thread.o              2'088
    rtx_timer.o                 456
    -------------------------------------------------
    Total:                    6'294       33      165

dl7M_tln.a: [3]
    exit.o                        4
    low_level_init.o              4
    -------------------------------------------------
    Total:                        8

driverlib.a: [4]
    cpu.o                        16
    gpio.o                      396      144
    interrupt.o                 236
    sysctl.o                     88
    uart.o                      230
    -------------------------------------------------
    Total:                      966      144

rt7M_tl.a: [5]
    ABImemclr.o                   6
    ABImemclr4.o                  6
    ABImemcpy.o                 166
    ABImemset.o                  94
    ABImemset48.o                50
    cexit.o                      10
    cmain.o                      30
    cstartup_M.o                 12
    data_init.o                  40
    packbits_init_single.o       56
    zero_init3.o                 58
    -------------------------------------------------
    Total:                      528

shb_l.a: [6]
    exit.o                       20
    -------------------------------------------------
    Total:                       20

    Gaps                         14        4        4
    Linker created                        32   32'768
-----------------------------------------------------
    Grand Total:             11'888    1'099   41'961


*******************************************************************************
*** ENTRY LIST
***

Entry                       Address    Size  Type      Object
-----                       -------    ----  ----      ------
.iar.init_table$$Base        0x3184           --   Gb  - Linker created -
.iar.init_table$$Limit       0x31a4           --   Gb  - Linker created -
?main                        0x31a5          Code  Gb  cmain.o [5]
CPUcpsid                     0x2cc1     0x8  Code  Gb  cpu.o [4]
CPUcpsie                     0x2cc9     0x8  Code  Gb  cpu.o [4]
CSTACK$$Base            0x2000'23f0           --   Gb  - Linker created -
CSTACK$$Limit           0x2000'a3f0           --   Gb  - Linker created -
EvrRtxEventFlagsWaitTimeout
                              0xa99     0x2  Code  Wk  rtx_evr.o [2]
EvrRtxKernelError            0x2b87     0x2  Code  Wk  rtx_evr.o [2]
EvrRtxKernelGetState         0x2bcf     0x2  Code  Wk  rtx_evr.o [2]
EvrRtxKernelInitialize       0x2c49     0x2  Code  Wk  rtx_evr.o [2]
EvrRtxKernelInitialized
                             0x2bcd     0x2  Code  Wk  rtx_evr.o [2]
EvrRtxKernelStart            0x2c4b     0x2  Code  Wk  rtx_evr.o [2]
EvrRtxKernelStarted          0x2c45     0x2  Code  Wk  rtx_evr.o [2]
EvrRtxMemoryAlloc             0xd25     0x2  Code  Wk  rtx_evr.o [2]
EvrRtxMemoryBlockAlloc        0xd21     0x2  Code  Wk  rtx_evr.o [2]
EvrRtxMemoryBlockFree         0xd23     0x2  Code  Wk  rtx_evr.o [2]
EvrRtxMemoryBlockInit         0xd1f     0x2  Code  Wk  rtx_evr.o [2]
EvrRtxMemoryFree              0xd5b     0x2  Code  Wk  rtx_evr.o [2]
EvrRtxMemoryInit             0x2cd1     0x2  Code  Wk  rtx_evr.o [2]
EvrRtxMemoryPoolAllocTimeout
                              0xa9f     0x2  Code  Wk  rtx_evr.o [2]
EvrRtxMessageQueueCreated
                             0x282b     0x2  Code  Wk  rtx_evr.o [2]
EvrRtxMessageQueueError
                             0x2823     0x2  Code  Wk  rtx_evr.o [2]
EvrRtxMessageQueueGet        0x29af     0x2  Code  Wk  rtx_evr.o [2]
EvrRtxMessageQueueGetPending
                             0x2831     0x2  Code  Wk  rtx_evr.o [2]
EvrRtxMessageQueueGetTimeout
                              0xaa1     0x2  Code  Wk  rtx_evr.o [2]
EvrRtxMessageQueueInsertPending
                             0x29ad     0x2  Code  Wk  rtx_evr.o [2]
EvrRtxMessageQueueInserted
                             0x281f     0x2  Code  Wk  rtx_evr.o [2]
EvrRtxMessageQueueNew        0x2835     0x2  Code  Wk  rtx_evr.o [2]
EvrRtxMessageQueueNotInserted
                             0x282f     0x2  Code  Wk  rtx_evr.o [2]
EvrRtxMessageQueueNotRetrieved
                             0x2833     0x2  Code  Wk  rtx_evr.o [2]
EvrRtxMessageQueuePut        0x2837     0x2  Code  Wk  rtx_evr.o [2]
EvrRtxMessageQueuePutPending
                             0x282d     0x2  Code  Wk  rtx_evr.o [2]
EvrRtxMessageQueuePutTimeout
                              0xaa3     0x2  Code  Wk  rtx_evr.o [2]
EvrRtxMessageQueueRetrieved
                             0x2821     0x2  Code  Wk  rtx_evr.o [2]
EvrRtxMutexAcquireTimeout
                              0xa9b     0x2  Code  Wk  rtx_evr.o [2]
EvrRtxMutexAcquired           0xd5f     0x2  Code  Wk  rtx_evr.o [2]
EvrRtxMutexReleased           0xd5d     0x2  Code  Wk  rtx_evr.o [2]
EvrRtxSemaphoreAcquireTimeout
                              0xa9d     0x2  Code  Wk  rtx_evr.o [2]
EvrRtxThreadBlocked           0xaab     0x2  Code  Wk  rtx_evr.o [2]
EvrRtxThreadCreated           0xc5b     0x2  Code  Wk  rtx_evr.o [2]
EvrRtxThreadDelay            0x29b1     0x2  Code  Wk  rtx_evr.o [2]
EvrRtxThreadDelayCompleted
                              0xa95     0x2  Code  Wk  rtx_evr.o [2]
EvrRtxThreadDestroyed         0xcf7     0x2  Code  Wk  rtx_evr.o [2]
EvrRtxThreadError             0xbcf     0x2  Code  Wk  rtx_evr.o [2]
EvrRtxThreadExit              0xcfd     0x2  Code  Wk  rtx_evr.o [2]
EvrRtxThreadFlagsWaitCompleted
                              0xaad     0x2  Code  Wk  rtx_evr.o [2]
EvrRtxThreadFlagsWaitTimeout
                              0xa97     0x2  Code  Wk  rtx_evr.o [2]
EvrRtxThreadJoined            0xcf5     0x2  Code  Wk  rtx_evr.o [2]
EvrRtxThreadNew               0xcf9     0x2  Code  Wk  rtx_evr.o [2]
EvrRtxThreadPreempted         0xaa7     0x2  Code  Wk  rtx_evr.o [2]
EvrRtxThreadSwitched          0xaa9     0x2  Code  Wk  rtx_evr.o [2]
EvrRtxThreadUnblocked         0xaa5     0x2  Code  Wk  rtx_evr.o [2]
EvrRtxThreadYield             0xcfb     0x2  Code  Wk  rtx_evr.o [2]
EvrRtxTimerCallback          0x2c53     0x2  Code  Wk  rtx_evr.o [2]
EvrRtxTimerCreated           0x2c4d     0x2  Code  Wk  rtx_evr.o [2]
EvrRtxTimerError             0x2c4f     0x2  Code  Wk  rtx_evr.o [2]
EvrRtxTimerNew               0x2c51     0x2  Code  Wk  rtx_evr.o [2]
GPIODirModeSet               0x1f79    0x28  Code  Gb  gpio.o [4]
GPIOPadConfigSet             0x1fa1   0x102  Code  Gb  gpio.o [4]
GPIOPinConfigure             0x20c3    0x36  Code  Gb  gpio.o [4]
GPIOPinTypeUART              0x20af    0x14  Code  Gb  gpio.o [4]
IntDisable                   0x2a15    0x46  Code  Gb  interrupt.o [4]
IntEnable                    0x29cd    0x46  Code  Gb  interrupt.o [4]
IntMasterDisable             0x29bd     0x6  Code  Gb  interrupt.o [4]
IntMasterEnable              0x29b5     0x8  Code  Gb  interrupt.o [4]
IsBufferEmpty                0x1af5    0x12  Code  Lc  uartstdio.o [1]
IsBufferFull                 0x1ad9    0x1c  Code  Lc  uartstdio.o [1]
MessageQueueGet              0x14a1    0x40  Code  Lc  rtx_msgqueue.o [2]
MessageQueuePut              0x1455    0x4a  Code  Lc  rtx_msgqueue.o [2]
MessageQueueRemove           0x14e1    0x1a  Code  Lc  rtx_msgqueue.o [2]
OS_Tick_AcknowledgeIRQ       0x2cb5     0xc  Code  Wk  os_systick.o [2]
OS_Tick_Enable               0x2c19    0x2c  Code  Wk  os_systick.o [2]
OS_Tick_GetIRQn              0x2c11     0x6  Code  Wk  os_systick.o [2]
OS_Tick_Setup                0x2bd1    0x40  Code  Wk  os_systick.o [2]
PendST                  0x2000'23e4     0x1  Data  Lc  os_systick.o [2]
PendSV_Handler               0x2f1d          Code  Gb  irq_cm4f.o [2]
Region$$Table$$Base          0x3184           --   Gb  - Linker created -
Region$$Table$$Limit         0x31a4           --   Gb  - Linker created -
SVC_Handler                  0x2e85          Code  Gb  irq_cm4f.o [2]
SysCtlPeripheralEnable       0x1f4d     0x8  Code  Gb  sysctl.o [4]
SysCtlPeripheralPresent
                             0x1f21     0xa  Code  Gb  sysctl.o [4]
SysCtlPeripheralReady        0x1f2b     0x8  Code  Gb  sysctl.o [4]
SysTick_Handler              0x2f2d          Code  Gb  irq_cm4f.o [2]
SystemCoreClock         0x2000'23e8     0x4  Data  Gb  system_TM4C1294.o [1]
SystemInit                   0x216f   0x136  Code  Gb  system_TM4C1294.o [1]
ThreadFlagsCheck              0x26d    0x6c  Code  Lc  rtx_thread.o [2]
TimerInsert                  0x25b1    0x38  Code  Lc  rtx_timer.o [2]
UARTCharPutNonBlocking       0x2b5f    0x16  Code  Gb  uart.o [4]
UARTConfigSetExpClk          0x2aa9    0x5c  Code  Gb  uart.o [4]
UARTDisable                  0x2b1f    0x22  Code  Gb  uart.o [4]
UARTEnable                   0x2b05    0x1a  Code  Gb  uart.o [4]
UARTFIFOLevelSet             0x2aa1     0x8  Code  Gb  uart.o [4]
UARTFlushRx                  0x1e9d    0x1c  Code  Gb  uartstdio.o [1]
UARTFlushTx                  0x1eb9    0x30  Code  Gb  uartstdio.o [1]
UARTInit                     0x12e9    0x4e  Code  Gb  lab3.o [1]
UARTIntDisable               0x2b7b     0x4  Code  Gb  uart.o [4]
UARTIntEnable                0x2b75     0x6  Code  Gb  uart.o [4]
UARTPrimeTransmit            0x1b07    0x6a  Code  Lc  uartstdio.o [1]
UARTSpaceAvail               0x2b4f     0x6  Code  Gb  uart.o [4]
UARTStdioConfig              0x1b71    0x7e  Code  Gb  uartstdio.o [1]
UART_READ                    0x1271    0x56  Code  Gb  lab3.o [1]
UART_READ_id            0x2000'23a8     0x4  Data  Gb  lab3.o [1]
UART_WRITE                   0x12c7    0x22  Code  Gb  lab3.o [1]
UART_WRITE_id           0x2000'23ac     0x4  Data  Gb  lab3.o [1]
UARTgets                     0x1c81    0x58  Code  Gb  uartstdio.o [1]
UARTprintf                   0x1e8f     0xe  Code  Gb  uartstdio.o [1]
UARTvprintf                  0x1cd9   0x1b6  Code  Gb  uartstdio.o [1]
UARTwrite                    0x1bef    0x92  Code  Gb  uartstdio.o [1]
_SysCtlFrequencyGet          0x2125    0x4a  Code  Lc  system_TM4C1294.o [1]
_SysCtlMemTimingGet          0x2105    0x20  Code  Lc  system_TM4C1294.o [1]
__Vectors                       0x0           --   Gb  startup_tm4c1294.o [1]
__Vectors_End                 0x26c          Data  Gb  startup_tm4c1294.o [1]
__Vectors_Size {Abs}          0x26c           --   Gb  startup_tm4c1294.o [1]
__aeabi_memclr               0x2825          Code  Gb  ABImemclr.o [5]
__aeabi_memclr4               0xc55          Code  Gb  ABImemclr4.o [5]
__aeabi_memcpy               0x2779          Code  Gb  ABImemcpy.o [5]
__aeabi_memcpy4              0x2799          Code  Gb  ABImemcpy.o [5]
__aeabi_memcpy8              0x2799          Code  Gb  ABImemcpy.o [5]
__cmain                      0x31a5          Code  Gb  cmain.o [5]
__exit                       0x31d9    0x14  Code  Gb  exit.o [6]
__iar_Memset4_word            0xd29          Code  Gb  ABImemset48.o [5]
__iar_Memset8_word            0xd29          Code  Gb  ABImemset48.o [5]
__iar_Memset_word            0x2c55          Code  Gb  ABImemset.o [5]
__iar_data_init3             0x3115    0x28  Code  Gb  data_init.o [5]
__iar_init_vfp               0x3249          Code  Wk  startup_tm4c1294.o [1]
__iar_packbits_init_single3
                             0x30ad    0x38  Code  Gb  packbits_init_single.o [5]
__iar_program_start          0x323d          Code  Gb  cstartup_M.o [5]
__iar_zero_init3              0xaaf    0x3a  Code  Gb  zero_init3.o [5]
__low_level_init             0x31c3     0x4  Code  Gb  low_level_init.o [3]
__vector_table                  0x0          Data  Gb  startup_tm4c1294.o [1]
__vector_table_0x1c            0x1c          Data  Gb  startup_tm4c1294.o [1]
_call_main                   0x31b1          Code  Gb  cmain.o [5]
_exit                        0x31cd          Code  Gb  cexit.o [5]
_main                        0x31bf          Code  Gb  cmain.o [5]
abrir                         0xe23    0x20  Code  Gb  lab3.o [1]
atender_andar                 0xec3    0x3c  Code  Gb  lab3.o [1]
callback                      0xd61     0x2  Code  Gb  lab3.o [1]
chamadas2paradas              0xf9d     0xa  Code  Gb  lab3.o [1]
chamadas_abaixo               0xf43    0x2a  Code  Gb  lab3.o [1]
chamadas_acima                0xeff    0x1a  Code  Gb  lab3.o [1]
comparar_andar                0xde9    0x1a  Code  Gb  lab3.o [1]
descer                        0xe83    0x20  Code  Gb  lab3.o [1]
elevador                      0xfa7   0x2ca  Code  Gb  lab3.o [1]
elevador_cen_id         0x2000'23a0     0x4  Data  Gb  lab3.o [1]
elevador_dir_id         0x2000'23a4     0x4  Data  Gb  lab3.o [1]
elevador_esq_id         0x2000'239c     0x4  Data  Gb  lab3.o [1]
esvaziou_parada               0xdcd     0xe  Code  Gb  lab3.o [1]
exit                         0x31c7     0x4  Code  Gb  exit.o [3]
fechar                        0xe43    0x20  Code  Gb  lab3.o [1]
fila_cen_id             0x2000'23c4     0x4  Data  Gb  lab3.o [1]
fila_dir_id             0x2000'23c0     0x4  Data  Gb  lab3.o [1]
fila_envio_id           0x2000'23c8     0x4  Data  Gb  lab3.o [1]
fila_esq_id             0x2000'23bc     0x4  Data  Gb  lab3.o [1]
g_pcHex                      0x3270     0x4  Data  Lc  uartstdio.o [1]
g_pcUARTRxBuffer        0x2000'21d0    0x80  Data  Lc  uartstdio.o [1]
g_pcUARTTxBuffer        0x2000'1a38   0x400  Data  Lc  uartstdio.o [1]
g_pppui32XTALtoVCO           0x2cd4   0x1b0  Data  Lc  system_TM4C1294.o [1]
g_pui32Dii16Regs             0x2a8c    0x14  Data  Lc  interrupt.o [4]
g_pui32EnRegs                0x2a78    0x14  Data  Lc  interrupt.o [4]
g_pui32GPIOBaseAddrs         0x2f48    0x90  Data  Lc  gpio.o [4]
g_pui32VCOFrequencies        0x3254     0x8  Data  Lc  system_TM4C1294.o [1]
g_pui32Xtals                 0x2fd8    0x6c  Data  Lc  system_TM4C1294.o [1]
g_sXTALtoMEMTIM              0x30e4    0x30  Data  Lc  system_TM4C1294.o [1]
g_ui32Base              0x2000'23dc     0x4  Data  Lc  uartstdio.o [1]
g_ui32PortNum           0x2000'23e0     0x4  Data  Lc  uartstdio.o [1]
g_ui32UARTBase               0x3218     0xc  Data  Lc  uartstdio.o [1]
g_ui32UARTInt                0x3224     0xc  Data  Lc  uartstdio.o [1]
g_ui32UARTPeriph             0x3230     0xc  Data  Lc  uartstdio.o [1]
g_ui32UARTRxReadIndex   0x2000'23d8     0x4  Data  Lc  uartstdio.o [1]
g_ui32UARTRxWriteIndex  0x2000'23d4     0x4  Data  Lc  uartstdio.o [1]
g_ui32UARTTxReadIndex   0x2000'23d0     0x4  Data  Lc  uartstdio.o [1]
g_ui32UARTTxWriteIndex  0x2000'23cc     0x4  Data  Lc  uartstdio.o [1]
lerandar                      0xd79    0x20  Code  Gb  lab3.o [1]
letra2andar                   0xd63     0x6  Code  Gb  lab3.o [1]
main                         0x1337    0xce  Code  Gb  lab3.o [1]
numero2andar                  0xd69    0x10  Code  Gb  lab3.o [1]
osDelay                      0x1a99    0x3a  Code  Gb  rtx_delay.o [2]
osKernelGetState             0x2515    0x40  Code  Gb  rtx_kernel.o [2]
osKernelInitialize           0x24dd    0x38  Code  Gb  rtx_kernel.o [2]
osKernelStart                0x2555    0x34  Code  Gb  rtx_kernel.o [2]
osMessageQueueGet            0x19dd    0x90  Code  Gb  rtx_msgqueue.o [2]
osMessageQueueNew            0x1905    0x3e  Code  Gb  rtx_msgqueue.o [2]
osMessageQueuePut            0x1945    0x98  Code  Gb  rtx_msgqueue.o [2]
osRtxConfig                  0x3044    0x68  Data  Gb  rtx_lib.o [1]
osRtxErrorNotify              0xcff    0x20  Code  Wk  RTX_Config.o [1]
osRtxIdleThread               0xc53     0x2  Code  Wk  RTX_Config.o [1]
osRtxInfo               0x2000'0000    0xa4  Data  Gb  rtx_kernel.o [2]
osRtxKernelPreInit           0x2c47     0x2  Code  Gb  rtx_lib.o [1]
osRtxMemoryAlloc              0xbd1    0x82  Code  Wk  rtx_memory.o [2]
osRtxMemoryFree               0xc5d    0x4a  Code  Wk  rtx_memory.o [2]
osRtxMemoryInit              0x2b89    0x44  Code  Wk  rtx_memory.o [2]
osRtxMemoryPoolAlloc          0xb35    0x44  Code  Gb  rtx_mempool.o [2]
osRtxMemoryPoolFree           0xb79    0x56  Code  Gb  rtx_mempool.o [2]
osRtxMemoryPoolInit           0xae9    0x4a  Code  Gb  rtx_mempool.o [2]
osRtxMessageQueuePostProcess
                             0x14fb    0xee  Code  Lc  rtx_msgqueue.o [2]
osRtxMutexOwnerRelease        0xca9    0x4c  Code  Gb  rtx_mutex.o [2]
osRtxPendSV_Handler          0x28a9    0x8a  Code  Gb  rtx_system.o [2]
osRtxPostProcess             0x2935    0x6e  Code  Gb  rtx_system.o [2]
osRtxThreadBlock              0x4fd    0x34  Code  Lc  rtx_thread.o [2]
osRtxThreadDelayInsert        0x331    0x62  Code  Lc  rtx_thread.o [2]
osRtxThreadDelayRemove        0x393    0x60  Code  Lc  rtx_thread.o [2]
osRtxThreadDelayTick          0x3f3    0xf6  Code  Gb  rtx_thread.o [2]
osRtxThreadDispatch           0x54d    0x5c  Code  Gb  rtx_thread.o [2]
osRtxThreadFree               0x885    0x56  Code  Lc  rtx_thread.o [2]
osRtxThreadListGet            0x2fd    0x16  Code  Gb  rtx_thread.o [2]
osRtxThreadListPut            0x2d9    0x24  Code  Gb  rtx_thread.o [2]
osRtxThreadListRemove         0x313    0x16  Code  Gb  rtx_thread.o [2]
osRtxThreadPostProcess        0x61f    0x50  Code  Lc  rtx_thread.o [2]
osRtxThreadReadyPut           0x329     0x8  Code  Gb  rtx_thread.o [2]
osRtxThreadRegPtr             0x4e9    0x14  Code  Gb  rtx_thread.o [2]
osRtxThreadStartup            0x975    0x3e  Code  Gb  rtx_thread.o [2]
osRtxThreadSwitch             0x531    0x1c  Code  Gb  rtx_thread.o [2]
osRtxThreadWaitEnter          0x5e3    0x3c  Code  Gb  rtx_thread.o [2]
osRtxThreadWaitExit           0x5af    0x2e  Code  Gb  rtx_thread.o [2]
osRtxTick_Handler            0x2839    0x6e  Code  Gb  rtx_system.o [2]
osRtxTimerThread             0x272d    0x4c  Code  Wk  rtx_timer.o [2]
osRtxTimerTick               0x25e9    0x54  Code  Lc  rtx_timer.o [2]
osRtxUserSVC                 0x326c     0x4  Data  Wk  rtx_lib.o [1]
osThreadExit                  0xa31    0x16  Code  Gb  rtx_thread.o [2]
osThreadNew                   0x9b5    0x40  Code  Gb  rtx_thread.o [2]
osThreadYield                 0x9f5    0x36  Code  Gb  rtx_thread.o [2]
osTimerNew                   0x26dd    0x42  Code  Gb  rtx_timer.o [2]
os_idle_thread_attr          0x313c    0x24  Data  Lc  rtx_lib.o [1]
os_idle_thread_cb       0x2000'22a0    0x44  Data  Lc  rtx_lib.o [1]
os_idle_thread_stack    0x2000'1fd0   0x100  Data  Lc  rtx_lib.o [1]
os_isr_queue            0x2000'2328    0x40  Data  Lc  rtx_lib.o [1]
os_mem                  0x2000'00d8  0x1000  Data  Lc  rtx_lib.o [1]
os_mpi_def_stack        0x2000'00bc    0x18  Data  Lc  rtx_lib.o [1]
os_mpi_thread           0x2000'00a4    0x18  Data  Lc  rtx_lib.o [1]
os_thread_cb            0x2000'1e38   0x198  Data  Lc  rtx_lib.o [1]
os_thread_def_stack     0x2000'10d8   0x960  Data  Lc  rtx_lib.o [1]
os_timer_mq_attr             0x31ec    0x18  Data  Lc  rtx_lib.o [1]
os_timer_mq_cb          0x2000'2368    0x34  Data  Lc  rtx_lib.o [1]
os_timer_mq_data        0x2000'2250    0x50  Data  Lc  rtx_lib.o [1]
os_timer_thread_attr         0x3160    0x24  Data  Lc  rtx_lib.o [1]
os_timer_thread_cb      0x2000'22e4    0x44  Data  Lc  rtx_lib.o [1]
os_timer_thread_stack   0x2000'20d0   0x100  Data  Lc  rtx_lib.o [1]
parar                         0xea3    0x20  Code  Gb  lab3.o [1]
prencher_chamada              0xddb     0xe  Code  Gb  lab3.o [1]
prencher_parada               0xd99     0xe  Code  Gb  lab3.o [1]
resetar                       0xe03    0x20  Code  Gb  lab3.o [1]
retirar_chamada               0xdbb    0x12  Code  Gb  lab3.o [1]
retirar_parada                0xda7    0x14  Code  Gb  lab3.o [1]
subir                         0xe63    0x20  Code  Gb  lab3.o [1]
svcRtxDelay                  0x1a81    0x16  Code  Lc  rtx_delay.o [2]
svcRtxKernelGetState         0x2433    0x12  Code  Lc  rtx_kernel.o [2]
svcRtxKernelInitialize       0x22ed   0x146  Code  Lc  rtx_kernel.o [2]
svcRtxKernelStart            0x2445    0x98  Code  Lc  rtx_kernel.o [2]
svcRtxMessageQueueGet        0x17ed    0xee  Code  Lc  rtx_msgqueue.o [2]
svcRtxMessageQueueNew        0x15e9   0x130  Code  Lc  rtx_msgqueue.o [2]
svcRtxMessageQueuePut        0x1719    0xd4  Code  Lc  rtx_msgqueue.o [2]
svcRtxThreadExit              0x8db    0x96  Code  Lc  rtx_thread.o [2]
svcRtxThreadNew               0x66f   0x1c8  Code  Lc  rtx_thread.o [2]
svcRtxThreadYield             0x83d    0x48  Code  Lc  rtx_thread.o [2]
svcRtxTimerNew               0x263d    0x9e  Code  Lc  rtx_timer.o [2]
timer_cen_id            0x2000'23b4     0x4  Data  Gb  lab3.o [1]
timer_dir_id            0x2000'23b8     0x4  Data  Gb  lab3.o [1]
timer_esq_id            0x2000'23b0     0x4  Data  Gb  lab3.o [1]
transferir_primeiro           0xf6d    0x30  Code  Gb  lab3.o [1]
transferir_ultimo             0xf19    0x2a  Code  Gb  lab3.o [1]


[1] = C:\Users\Victor\Documents\Sistemas Embarcados\COM RTOS\Tiva_RTOS2_IAR8\Lab3_Elevador\Debug\Obj
[2] = RTX_CM4F.a
[3] = dl7M_tln.a
[4] = driverlib.a
[5] = rt7M_tl.a
[6] = shb_l.a

  11'888 bytes of readonly  code memory
   1'099 bytes of readonly  data memory
  41'961 bytes of readwrite data memory

Errors: none
Warnings: none
