###############################################################################
#
# IAR ELF Linker V8.40.2.214/W32 for ARM                  09/Dec/2019  16:44:25
# Copyright 2007-2019 IAR Systems AB.
#
#    Output file  =
#        C:\Users\Victor\Documents\Sistemas Embarcados\COM
#        RTOS\Tiva_RTOS2_IAR8\prodcons\ewarm\Exe\prodcons.out
#    Map file     =
#        C:\Users\Victor\Documents\Sistemas Embarcados\COM
#        RTOS\Tiva_RTOS2_IAR8\prodcons\ewarm\List\prodcons.map
#    Command line =
#        -f C:\Users\Victor\AppData\Local\Temp\EW9CA.tmp
#        ("C:\Users\Victor\Documents\Sistemas Embarcados\COM
#        RTOS\Tiva_RTOS2_IAR8\prodcons\ewarm\Obj\driverleds.o"
#        "C:\Users\Victor\Documents\Sistemas Embarcados\COM
#        RTOS\Tiva_RTOS2_IAR8\driverlib\ewarm\Exe\driverlib.a"
#        "C:\Users\Victor\Documents\Sistemas Embarcados\COM
#        RTOS\Tiva_RTOS2_IAR8\prodcons\ewarm\Obj\main.o"
#        "C:\Users\Victor\Documents\Sistemas Embarcados\COM
#        RTOS\Tiva_RTOS2_IAR8\CMSIS\RTOS2\RTX\Library\IAR\RTX_CM4F.a"
#        "C:\Users\Victor\Documents\Sistemas Embarcados\COM
#        RTOS\Tiva_RTOS2_IAR8\prodcons\ewarm\Obj\RTX_Config.o"
#        "C:\Users\Victor\Documents\Sistemas Embarcados\COM
#        RTOS\Tiva_RTOS2_IAR8\prodcons\ewarm\Obj\rtx_lib.o"
#        "C:\Users\Victor\Documents\Sistemas Embarcados\COM
#        RTOS\Tiva_RTOS2_IAR8\prodcons\ewarm\Obj\startup_tm4c1294.o"
#        "C:\Users\Victor\Documents\Sistemas Embarcados\COM
#        RTOS\Tiva_RTOS2_IAR8\prodcons\ewarm\Obj\system_tm4c1294.o"
#        --no_out_extension -o "C:\Users\Victor\Documents\Sistemas
#        Embarcados\COM RTOS\Tiva_RTOS2_IAR8\prodcons\ewarm\Exe\prodcons.out"
#        --map "C:\Users\Victor\Documents\Sistemas Embarcados\COM
#        RTOS\Tiva_RTOS2_IAR8\prodcons\ewarm\List\prodcons.map" --config
#        "C:\Program Files (x86)\IAR Systems\Embedded Workbench
#        8.3\arm\config\linker\TexasInstruments\TM4C1294NC.icf" --semihosting
#        --entry __iar_program_start --vfe --text_out locale)
#
###############################################################################

*******************************************************************************
*** RUNTIME MODEL ATTRIBUTES
***

CppFlavor       = *
__SystemLibrary = DLib
__dlib_version  = 6


*******************************************************************************
*** HEAP SELECTION
***

The basic heap was selected because some modules are built with
size limitations (and not runtime checking), and --advanced_heap
was not specified.


*******************************************************************************
*** PLACEMENT SUMMARY
***

"A0":  place at address 0x0 { ro section .intvec };
"P1":  place in [from 0x0 to 0xf'ffff] { ro };
define block CSTACK with size = 32K, alignment = 8 { };
define block HEAP with size = 64K, alignment = 8 { };
"P2":  place in [from 0x2000'0000 to 0x2003'ffff] {
          rw, block CSTACK, block HEAP };
initialize by copy { rw };

  Section               Kind         Address    Size  Object
  -------               ----         -------    ----  ------
"A0":                                          0x26c
  .intvec               ro code          0x0   0x26c  startup_tm4c1294.o [1]
                                     - 0x26c   0x26c

"P1":                                         0x2645
  .text                 ro code        0x26c   0x7a4  rtx_thread.o [2]
  .text                 ro code        0xa10     0x2  rtx_evr.o [2]
  .text                 ro code        0xa12     0x2  rtx_evr.o [2]
  .text                 ro code        0xa14     0x2  rtx_evr.o [2]
  .text                 ro code        0xa16     0x2  rtx_evr.o [2]
  .text                 ro code        0xa18     0x2  rtx_evr.o [2]
  .text                 ro code        0xa1a     0x2  rtx_evr.o [2]
  .text                 ro code        0xa1c     0x2  rtx_evr.o [2]
  .text                 ro code        0xa1e     0x2  rtx_evr.o [2]
  .text                 ro code        0xa20     0x2  rtx_evr.o [2]
  .text                 ro code        0xa22     0x2  rtx_evr.o [2]
  .text                 ro code        0xa24     0x2  rtx_evr.o [2]
  .text                 ro code        0xa26     0x2  rtx_evr.o [2]
  .text                 ro code        0xa28     0x2  rtx_evr.o [2]
  .text                 ro code        0xa2a    0x3a  zero_init3.o [6]
  .text                 ro code        0xa64    0xe6  rtx_mempool.o [2]
  .text                 ro code        0xb4a     0x2  rtx_evr.o [2]
  .text                 ro code        0xb4c    0x82  rtx_memory.o [2]
  .text                 ro code        0xbce     0x2  RTX_Config.o [1]
  .text                 ro code        0xbd0     0x6  ABImemclr4.o [6]
  .text                 ro code        0xbd6     0x2  rtx_evr.o [2]
  .text                 ro code        0xbd8    0x4a  rtx_memory.o [2]
  .text                 ro code        0xc24    0x4c  rtx_mutex.o [2]
  .text                 ro code        0xc70     0x2  rtx_evr.o [2]
  .text                 ro code        0xc72     0x2  rtx_evr.o [2]
  .text                 ro code        0xc74     0x2  rtx_evr.o [2]
  .text                 ro code        0xc76     0x2  rtx_evr.o [2]
  .text                 ro code        0xc78     0x2  RTX_Config.o [1]
  .text                 ro code        0xc7a     0x2  rtx_evr.o [2]
  .text                 ro code        0xc7c     0x2  rtx_evr.o [2]
  .text                 ro code        0xc7e     0x2  rtx_evr.o [2]
  .text                 ro code        0xc80     0x2  rtx_evr.o [2]
  .text                 ro code        0xc84    0x32  ABImemset48.o [6]
  .text                 ro code        0xcb6     0x2  rtx_evr.o [2]
  .text                 ro code        0xcb8     0x2  rtx_evr.o [2]
  .text                 ro code        0xcba     0x2  rtx_evr.o [2]
  .text                 ro code        0xcbc   0x62c  rtx_msgqueue.o [2]
  .text                 ro code       0x12e8    0xa6  ABImemcpy.o [6]
  .text                 ro code       0x138e     0x2  rtx_evr.o [2]
  .text                 ro code       0x1390     0x2  rtx_evr.o [2]
  .text                 ro code       0x1392     0x2  rtx_evr.o [2]
  .text                 ro code       0x1394     0x6  ABImemclr.o [6]
  .text                 ro code       0x139a     0x2  rtx_evr.o [2]
  .text                 ro code       0x139c     0x2  rtx_evr.o [2]
  .text                 ro code       0x139e     0x2  rtx_evr.o [2]
  .text                 ro code       0x13a0     0x2  rtx_evr.o [2]
  .text                 ro code       0x13a2     0x2  rtx_evr.o [2]
  .text                 ro code       0x13a4     0x2  rtx_evr.o [2]
  .text                 ro code       0x13a6     0x2  rtx_evr.o [2]
  .text                 ro code       0x13a8   0x174  rtx_system.o [2]
  .text                 ro code       0x151c     0x2  rtx_evr.o [2]
  .text                 ro code       0x151e     0x2  rtx_evr.o [2]
  .text                 ro code       0x1520    0x5e  ABImemset.o [6]
  .text                 ro code       0x1580     0xc  os_systick.o [2]
  .text                 ro code       0x158c   0x318  rtx_semaphore.o [2]
  .text                 ro code       0x18a4     0x2  rtx_evr.o [2]
  .text                 ro code       0x18a6     0x2  rtx_evr.o [2]
  .text                 ro code       0x18a8     0x2  rtx_evr.o [2]
  .text                 ro code       0x18aa     0x2  rtx_evr.o [2]
  .text                 ro code       0x18ac     0x2  rtx_evr.o [2]
  .text                 ro code       0x18ae     0x2  rtx_evr.o [2]
  .text                 ro code       0x18b0     0x2  rtx_evr.o [2]
  .text                 ro code       0x18b2     0x2  rtx_evr.o [2]
  .text                 ro code       0x18b4     0x2  rtx_evr.o [2]
  .text                 ro code       0x18b8   0x2c4  rtx_kernel.o [2]
  .text                 ro code       0x1b7c     0x2  rtx_evr.o [2]
  .text                 ro code       0x1b7e    0x44  rtx_memory.o [2]
  .text                 ro code       0x1bc2     0x2  rtx_evr.o [2]
  .text                 ro code       0x1bc4     0x2  rtx_evr.o [2]
  .text                 ro code       0x1bc8    0x40  os_systick.o [2]
  .text                 ro code       0x1c08     0x6  os_systick.o [2]
  .text                 ro code       0x1c10    0x2c  os_systick.o [2]
  .text                 ro code       0x1c3c     0x2  rtx_evr.o [2]
  .text                 ro code       0x1c3e     0x2  rtx_lib.o [1]
  .text                 ro code       0x1c40     0x2  rtx_evr.o [2]
  .text                 ro code       0x1c42     0x2  rtx_evr.o [2]
  .text                 ro code       0x1c44     0x2  rtx_evr.o [2]
  .text                 ro code       0x1c48   0x29c  sysctl.o [4]
  .rodata               const         0x1ee4   0x1b0  sysctl.o [4]
  .text                 ro code       0x2094   0x14e  gpio.o [4]
  .text                 ro code       0x21e4   0x130  driverleds.o [1]
  .text                 ro code       0x2314    0xdc  rtx_timer.o [2]
  .text                 ro code       0x23f0     0x2  rtx_evr.o [2]
  .text                 ro code       0x23f4    0xc8  main.o [1]
  .text                 ro code       0x24bc    0x58  rtx_delay.o [2]
  .text                 ro code       0x2514    0x3c  system_tm4c1294.o [1]
  .text                 ro code       0x2550     0x2  rtx_evr.o [2]
  .text                 ro code       0x2554    0xc4  irq_cm4f.o [2]
  .rodata               const         0x2618    0x6c  sysctl.o [4]
  .rodata               const         0x2684    0x68  rtx_lib.o [1]
  .text                 ro code       0x26ec    0x38  packbits_init_single.o [6]
  .rodata               const         0x2724    0x30  sysctl.o [4]
  .text                 ro code       0x2754    0x28  data_init.o [6]
  .rodata               const         0x277c    0x24  rtx_lib.o [1]
  .rodata               const         0x27a0    0x24  rtx_lib.o [1]
  .text                 ro code       0x27c4    0x22  fpinit_M.o [5]
  .iar.init_table       const         0x27e8    0x20  - Linker created -
  .text                 ro code       0x2808    0x1e  cmain.o [6]
  .text                 ro code       0x2826     0x4  low_level_init.o [3]
  .text                 ro code       0x282a     0x4  exit.o [3]
  .text                 ro code       0x2830     0xa  cexit.o [6]
  .text                 ro code       0x283c    0x14  exit.o [7]
  .rodata               const         0x2850    0x18  rtx_lib.o [1]
  .text                 ro code       0x2868    0x10  startup_tm4c1294.o [1]
  .text                 ro code       0x2878     0xc  cstartup_M.o [6]
  .rodata               const         0x2884     0x4  rtx_lib.o [1]
  .text                 ro code       0x2888     0x4  startup_tm4c1294.o [1]
  .text                 ro code       0x288c     0x4  startup_tm4c1294.o [1]
  .text                 ro code       0x2890     0x4  startup_tm4c1294.o [1]
  .text                 ro code       0x2894     0x4  startup_tm4c1294.o [1]
  .text                 ro code       0x2898     0x4  startup_tm4c1294.o [1]
  .text                 ro code       0x289c     0x4  startup_tm4c1294.o [1]
  .text                 ro code       0x28a0     0x4  startup_tm4c1294.o [1]
  .rodata               const         0x28a4     0x0  zero_init3.o [6]
  .rodata               const         0x28a4     0x0  packbits_init_single.o [6]
  Initializer bytes     const         0x28a4     0xd  <for P2-1>
                                    - 0x28b1  0x2645

"P2", part 1 of 3:                              0xa4
  P2-1                           0x2000'0000    0xa4  <Init block>
    .data.os            inited   0x2000'0000    0xa4  rtx_kernel.o [2]
                               - 0x2000'00a4    0xa4

"P2", part 2 of 3:                            0x1370
  .bss.os               zero     0x2000'00a8  0x1000  rtx_lib.o [1]
  .bss.os.thread.stack  zero     0x2000'10a8   0x100  rtx_lib.o [1]
  .bss.os.thread.stack  zero     0x2000'11a8   0x100  rtx_lib.o [1]
  .bss.os.msgqueue.mem  zero     0x2000'12a8    0x50  rtx_lib.o [1]
  .bss.os.thread.cb     zero     0x2000'12f8    0x44  rtx_lib.o [1]
  .bss.os.thread.cb     zero     0x2000'133c    0x44  rtx_lib.o [1]
  .bss.os               zero     0x2000'1380    0x40  rtx_lib.o [1]
  .bss.os.msgqueue.cb   zero     0x2000'13c0    0x34  rtx_lib.o [1]
  .bss                  zero     0x2000'13f4    0x18  main.o [1]
  .bss                  zero     0x2000'140c     0x4  system_tm4c1294.o [1]
  .bss                  zero     0x2000'1410     0x1  os_systick.o [2]
                               - 0x2000'1411  0x136d

"P2", part 3 of 3:                            0x8000
  CSTACK                         0x2000'1418  0x8000  <Block>
    CSTACK              uninit   0x2000'1418  0x8000  <Block tail>
                               - 0x2000'9418  0x8000

Unused ranges:

         From           To      Size
         ----           --      ----
       0x28b1     0xf'ffff  0xf'd74f
  0x2000'1414  0x2000'1417       0x4
  0x2000'9418  0x2003'ffff  0x3'6be8


*******************************************************************************
*** INIT TABLE
***

          Address      Size
          -------      ----
Zero (__iar_zero_init3)
    1 destination range, total size 0x1369:
          0x2000'00a8  0x1369

Copy/packbits (__iar_packbits_init_single3)
    1 source range, total size 0xd (7% of destination):
               0x28a4     0xd
    1 destination range, total size 0xa4:
          0x2000'0000    0xa4



*******************************************************************************
*** MODULE SUMMARY
***

    Module                  ro code  ro data  rw data
    ------                  -------  -------  -------
command line/config:
    -------------------------------------------------
    Total:

C:\Users\Victor\Documents\Sistemas Embarcados\COM RTOS\Tiva_RTOS2_IAR8\prodcons\ewarm\Obj: [1]
    RTX_Config.o                  4
    driverleds.o                304
    main.o                      200                24
    rtx_lib.o                     2      204    4'940
    startup_tm4c1294.o          664
    system_tm4c1294.o            60                 4
    -------------------------------------------------
    Total:                    1'234      204    4'968

RTX_CM4F.a: [2]
    irq_cm4f.o                  196
    os_systick.o                126                 1
    rtx_delay.o                  88
    rtx_evr.o                   112
    rtx_kernel.o                708       13      164
    rtx_memory.o                272
    rtx_mempool.o               230
    rtx_msgqueue.o            1'580
    rtx_mutex.o                  76
    rtx_semaphore.o             792
    rtx_system.o                372
    rtx_thread.o              1'956
    rtx_timer.o                 220
    -------------------------------------------------
    Total:                    6'728       13      165

dl7M_tln.a: [3]
    exit.o                        4
    low_level_init.o              4
    -------------------------------------------------
    Total:                        8

driverlib.a: [4]
    gpio.o                      334
    sysctl.o                    668      588
    -------------------------------------------------
    Total:                    1'002      588

m7M_tls.a: [5]
    fpinit_M.o                   34
    -------------------------------------------------
    Total:                       34

rt7M_tl.a: [6]
    ABImemclr.o                   6
    ABImemclr4.o                  6
    ABImemcpy.o                 166
    ABImemset.o                  94
    ABImemset48.o                50
    cexit.o                      10
    cmain.o                      30
    cstartup_M.o                 12
    data_init.o                  40
    packbits_init_single.o       56
    zero_init3.o                 58
    -------------------------------------------------
    Total:                      528

shb_l.a: [7]
    exit.o                       20
    -------------------------------------------------
    Total:                       20

    Gaps                         24        2        4
    Linker created                        32   32'768
-----------------------------------------------------
    Grand Total:              9'578      839   37'905


*******************************************************************************
*** ENTRY LIST
***

Entry                       Address    Size  Type      Object
-----                       -------    ----  ----      ------
.iar.init_table$$Base        0x27e8           --   Gb  - Linker created -
.iar.init_table$$Limit       0x2808           --   Gb  - Linker created -
?main                        0x2809          Code  Gb  cmain.o [6]
CSTACK$$Base            0x2000'1418           --   Gb  - Linker created -
CSTACK$$Limit           0x2000'9418           --   Gb  - Linker created -
EvrRtxEventFlagsWaitTimeout
                              0xa15     0x2  Code  Wk  rtx_evr.o [2]
EvrRtxKernelError            0x1b7d     0x2  Code  Wk  rtx_evr.o [2]
EvrRtxKernelGetState         0x1bc5     0x2  Code  Wk  rtx_evr.o [2]
EvrRtxKernelInitialize       0x1c41     0x2  Code  Wk  rtx_evr.o [2]
EvrRtxKernelInitialized
                             0x1bc3     0x2  Code  Wk  rtx_evr.o [2]
EvrRtxKernelStart            0x1c43     0x2  Code  Wk  rtx_evr.o [2]
EvrRtxKernelStarted          0x1c3d     0x2  Code  Wk  rtx_evr.o [2]
EvrRtxMemoryAlloc             0xc81     0x2  Code  Wk  rtx_evr.o [2]
EvrRtxMemoryBlockAlloc        0xc7d     0x2  Code  Wk  rtx_evr.o [2]
EvrRtxMemoryBlockFree         0xc7f     0x2  Code  Wk  rtx_evr.o [2]
EvrRtxMemoryBlockInit         0xc7b     0x2  Code  Wk  rtx_evr.o [2]
EvrRtxMemoryFree              0xcb7     0x2  Code  Wk  rtx_evr.o [2]
EvrRtxMemoryInit             0x1c45     0x2  Code  Wk  rtx_evr.o [2]
EvrRtxMemoryPoolAllocTimeout
                              0xa1b     0x2  Code  Wk  rtx_evr.o [2]
EvrRtxMessageQueueCreated
                             0x139b     0x2  Code  Wk  rtx_evr.o [2]
EvrRtxMessageQueueError
                             0x1393     0x2  Code  Wk  rtx_evr.o [2]
EvrRtxMessageQueueGet        0x151f     0x2  Code  Wk  rtx_evr.o [2]
EvrRtxMessageQueueGetPending
                             0x13a1     0x2  Code  Wk  rtx_evr.o [2]
EvrRtxMessageQueueGetTimeout
                              0xa1d     0x2  Code  Wk  rtx_evr.o [2]
EvrRtxMessageQueueInsertPending
                             0x151d     0x2  Code  Wk  rtx_evr.o [2]
EvrRtxMessageQueueInserted
                             0x138f     0x2  Code  Wk  rtx_evr.o [2]
EvrRtxMessageQueueNew        0x13a5     0x2  Code  Wk  rtx_evr.o [2]
EvrRtxMessageQueueNotInserted
                             0x139f     0x2  Code  Wk  rtx_evr.o [2]
EvrRtxMessageQueueNotRetrieved
                             0x13a3     0x2  Code  Wk  rtx_evr.o [2]
EvrRtxMessageQueuePut        0x13a7     0x2  Code  Wk  rtx_evr.o [2]
EvrRtxMessageQueuePutPending
                             0x139d     0x2  Code  Wk  rtx_evr.o [2]
EvrRtxMessageQueuePutTimeout
                              0xa1f     0x2  Code  Wk  rtx_evr.o [2]
EvrRtxMessageQueueRetrieved
                             0x1391     0x2  Code  Wk  rtx_evr.o [2]
EvrRtxMutexAcquireTimeout
                              0xa17     0x2  Code  Wk  rtx_evr.o [2]
EvrRtxMutexAcquired           0xcbb     0x2  Code  Wk  rtx_evr.o [2]
EvrRtxMutexReleased           0xcb9     0x2  Code  Wk  rtx_evr.o [2]
EvrRtxSemaphoreAcquire       0x18b3     0x2  Code  Wk  rtx_evr.o [2]
EvrRtxSemaphoreAcquirePending
                             0x18ab     0x2  Code  Wk  rtx_evr.o [2]
EvrRtxSemaphoreAcquireTimeout
                              0xa19     0x2  Code  Wk  rtx_evr.o [2]
EvrRtxSemaphoreAcquired
                             0x18a5     0x2  Code  Wk  rtx_evr.o [2]
EvrRtxSemaphoreCreated       0x18a7     0x2  Code  Wk  rtx_evr.o [2]
EvrRtxSemaphoreError         0x18a9     0x2  Code  Wk  rtx_evr.o [2]
EvrRtxSemaphoreNew           0x18b1     0x2  Code  Wk  rtx_evr.o [2]
EvrRtxSemaphoreNotAcquired
                             0x18ad     0x2  Code  Wk  rtx_evr.o [2]
EvrRtxSemaphoreRelease       0x18b5     0x2  Code  Wk  rtx_evr.o [2]
EvrRtxSemaphoreReleased
                             0x18af     0x2  Code  Wk  rtx_evr.o [2]
EvrRtxThreadBlocked           0xa27     0x2  Code  Wk  rtx_evr.o [2]
EvrRtxThreadCreated           0xbd7     0x2  Code  Wk  rtx_evr.o [2]
EvrRtxThreadDelay            0x2551     0x2  Code  Wk  rtx_evr.o [2]
EvrRtxThreadDelayCompleted
                              0xa11     0x2  Code  Wk  rtx_evr.o [2]
EvrRtxThreadDestroyed         0xc73     0x2  Code  Wk  rtx_evr.o [2]
EvrRtxThreadError             0xb4b     0x2  Code  Wk  rtx_evr.o [2]
EvrRtxThreadExit              0xc77     0x2  Code  Wk  rtx_evr.o [2]
EvrRtxThreadFlagsWaitCompleted
                              0xa29     0x2  Code  Wk  rtx_evr.o [2]
EvrRtxThreadFlagsWaitTimeout
                              0xa13     0x2  Code  Wk  rtx_evr.o [2]
EvrRtxThreadJoined            0xc71     0x2  Code  Wk  rtx_evr.o [2]
EvrRtxThreadNew               0xc75     0x2  Code  Wk  rtx_evr.o [2]
EvrRtxThreadPreempted         0xa23     0x2  Code  Wk  rtx_evr.o [2]
EvrRtxThreadSwitched          0xa25     0x2  Code  Wk  rtx_evr.o [2]
EvrRtxThreadUnblocked         0xa21     0x2  Code  Wk  rtx_evr.o [2]
EvrRtxTimerCallback          0x23f1     0x2  Code  Wk  rtx_evr.o [2]
GPIODirModeSet               0x2095    0x28  Code  Gb  gpio.o [4]
GPIOPadConfigSet             0x20bd   0x102  Code  Gb  gpio.o [4]
GPIOPinTypeGPIOOutput        0x21c7     0xa  Code  Gb  gpio.o [4]
GPIOPinWrite                 0x21bf     0x8  Code  Gb  gpio.o [4]
LEDInit                      0x21e5    0xac  Code  Gb  driverleds.o [1]
LEDWrite                     0x22a9    0x58  Code  Gb  driverleds.o [1]
MessageQueueGet               0xd09    0x40  Code  Lc  rtx_msgqueue.o [2]
MessageQueuePut               0xcbd    0x4a  Code  Lc  rtx_msgqueue.o [2]
MessageQueueRemove            0xd49    0x1a  Code  Lc  rtx_msgqueue.o [2]
OS_Tick_AcknowledgeIRQ       0x1581     0xc  Code  Wk  os_systick.o [2]
OS_Tick_Enable               0x1c11    0x2c  Code  Wk  os_systick.o [2]
OS_Tick_GetIRQn              0x1c09     0x6  Code  Wk  os_systick.o [2]
OS_Tick_Setup                0x1bc9    0x40  Code  Wk  os_systick.o [2]
PendST                  0x2000'1410     0x1  Data  Lc  os_systick.o [2]
PendSV_Handler               0x25ed          Code  Gb  irq_cm4f.o [2]
Region$$Table$$Base          0x27e8           --   Gb  - Linker created -
Region$$Table$$Limit         0x2808           --   Gb  - Linker created -
SVC_Handler                  0x2555          Code  Gb  irq_cm4f.o [2]
SysCtlClockFreqSet           0x1ca9   0x1fc  Code  Gb  sysctl.o [4]
SysCtlPeripheralEnable       0x1c8b     0x8  Code  Gb  sysctl.o [4]
SysCtlPeripheralReady        0x1c69     0x8  Code  Gb  sysctl.o [4]
SysTick_Handler              0x25fd          Code  Gb  irq_cm4f.o [2]
SystemCoreClock         0x2000'140c     0x4  Data  Gb  system_tm4c1294.o [1]
SystemInit                   0x2515    0x20  Code  Gb  system_tm4c1294.o [1]
ThreadFlagsCheck              0x26d    0x6c  Code  Lc  rtx_thread.o [2]
TimerInsert                  0x2315    0x38  Code  Lc  rtx_timer.o [2]
_SysCtlMemTimingGet          0x1c49    0x20  Code  Lc  sysctl.o [4]
__Vectors                       0x0           --   Gb  startup_tm4c1294.o [1]
__Vectors_End                 0x26c          Data  Gb  startup_tm4c1294.o [1]
__Vectors_Size {Abs}          0x26c           --   Gb  startup_tm4c1294.o [1]
__aeabi_memclr               0x1395          Code  Gb  ABImemclr.o [6]
__aeabi_memclr4               0xbd1          Code  Gb  ABImemclr4.o [6]
__aeabi_memcpy               0x12e9          Code  Gb  ABImemcpy.o [6]
__aeabi_memcpy4              0x1309          Code  Gb  ABImemcpy.o [6]
__aeabi_memcpy8              0x1309          Code  Gb  ABImemcpy.o [6]
__cmain                      0x2809          Code  Gb  cmain.o [6]
__exit                       0x283d    0x14  Code  Gb  exit.o [7]
__iar_Memset4_word            0xc85          Code  Gb  ABImemset48.o [6]
__iar_Memset8_word            0xc85          Code  Gb  ABImemset48.o [6]
__iar_Memset_word            0x1521          Code  Gb  ABImemset.o [6]
__iar_data_init3             0x2755    0x28  Code  Gb  data_init.o [6]
__iar_init_vfp               0x27c5          Code  Gb  fpinit_M.o [5]
__iar_packbits_init_single3
                             0x26ed    0x38  Code  Gb  packbits_init_single.o [6]
__iar_program_start          0x2879          Code  Gb  cstartup_M.o [6]
__iar_zero_init3              0xa2b    0x3a  Code  Gb  zero_init3.o [6]
__low_level_init             0x2827     0x4  Code  Gb  low_level_init.o [3]
__vector_table                  0x0          Data  Gb  startup_tm4c1294.o [1]
__vector_table_0x1c            0x1c          Data  Gb  startup_tm4c1294.o [1]
_call_main                   0x2815          Code  Gb  cmain.o [6]
_exit                        0x2831          Code  Gb  cexit.o [6]
_main                        0x2823          Code  Gb  cmain.o [6]
buffer                  0x2000'13f4     0x8  Data  Gb  main.o [1]
cheio_id                0x2000'1408     0x4  Data  Gb  main.o [1]
consumidor                   0x242b    0x36  Code  Gb  main.o [1]
consumidor_id           0x2000'1400     0x4  Data  Gb  main.o [1]
exit                         0x282b     0x4  Code  Gb  exit.o [3]
g_pppui32XTALtoVCO           0x1ee4   0x1b0  Data  Lc  sysctl.o [4]
g_pui32VCOFrequencies        0x1edc     0x8  Data  Lc  sysctl.o [4]
g_pui32Xtals                 0x2618    0x6c  Data  Lc  sysctl.o [4]
g_sXTALtoMEMTIM              0x2724    0x30  Data  Lc  sysctl.o [4]
main                         0x2461    0x50  Code  Gb  main.o [1]
osDelay                      0x24d5    0x3a  Code  Gb  rtx_delay.o [2]
osKernelGetState             0x1ae1    0x40  Code  Gb  rtx_kernel.o [2]
osKernelInitialize           0x1aa9    0x38  Code  Gb  rtx_kernel.o [2]
osKernelStart                0x1b21    0x34  Code  Gb  rtx_kernel.o [2]
osMessageQueueGet            0x1245    0x90  Code  Gb  rtx_msgqueue.o [2]
osMessageQueueNew            0x116d    0x3e  Code  Gb  rtx_msgqueue.o [2]
osMessageQueuePut            0x11ad    0x98  Code  Gb  rtx_msgqueue.o [2]
osRtxConfig                  0x2684    0x68  Data  Gb  rtx_lib.o [1]
osRtxErrorNotify              0xc79     0x2  Code  Wk  RTX_Config.o [1]
osRtxIdleThread               0xbcf     0x2  Code  Wk  RTX_Config.o [1]
osRtxInfo               0x2000'0000    0xa4  Data  Gb  rtx_kernel.o [2]
osRtxKernelPreInit           0x1c3f     0x2  Code  Gb  rtx_lib.o [1]
osRtxMemoryAlloc              0xb4d    0x82  Code  Wk  rtx_memory.o [2]
osRtxMemoryFree               0xbd9    0x4a  Code  Wk  rtx_memory.o [2]
osRtxMemoryInit              0x1b7f    0x44  Code  Wk  rtx_memory.o [2]
osRtxMemoryPoolAlloc          0xab1    0x44  Code  Gb  rtx_mempool.o [2]
osRtxMemoryPoolFree           0xaf5    0x56  Code  Gb  rtx_mempool.o [2]
osRtxMemoryPoolInit           0xa65    0x4a  Code  Gb  rtx_mempool.o [2]
osRtxMessageQueuePostProcess
                              0xd63    0xee  Code  Lc  rtx_msgqueue.o [2]
osRtxMutexOwnerRelease        0xc25    0x4c  Code  Gb  rtx_mutex.o [2]
osRtxPendSV_Handler          0x1419    0x8a  Code  Gb  rtx_system.o [2]
osRtxPostProcess             0x14a5    0x6e  Code  Gb  rtx_system.o [2]
osRtxSemaphorePostProcess
                             0x158d    0x40  Code  Lc  rtx_semaphore.o [2]
osRtxThreadBlock              0x4fd    0x34  Code  Lc  rtx_thread.o [2]
osRtxThreadDelayInsert        0x331    0x62  Code  Lc  rtx_thread.o [2]
osRtxThreadDelayRemove        0x393    0x60  Code  Lc  rtx_thread.o [2]
osRtxThreadDelayTick          0x3f3    0xf6  Code  Gb  rtx_thread.o [2]
osRtxThreadDispatch           0x54d    0x5c  Code  Gb  rtx_thread.o [2]
osRtxThreadFree               0x83d    0x56  Code  Lc  rtx_thread.o [2]
osRtxThreadListGet            0x2fd    0x16  Code  Gb  rtx_thread.o [2]
osRtxThreadListPut            0x2d9    0x24  Code  Gb  rtx_thread.o [2]
osRtxThreadListRemove         0x313    0x16  Code  Gb  rtx_thread.o [2]
osRtxThreadPostProcess        0x61f    0x50  Code  Lc  rtx_thread.o [2]
osRtxThreadReadyPut           0x329     0x8  Code  Gb  rtx_thread.o [2]
osRtxThreadRegPtr             0x4e9    0x14  Code  Gb  rtx_thread.o [2]
osRtxThreadStartup            0x92d    0x3e  Code  Gb  rtx_thread.o [2]
osRtxThreadSwitch             0x531    0x1c  Code  Gb  rtx_thread.o [2]
osRtxThreadWaitEnter          0x5e3    0x3c  Code  Gb  rtx_thread.o [2]
osRtxThreadWaitExit           0x5af    0x2e  Code  Gb  rtx_thread.o [2]
osRtxTick_Handler            0x13a9    0x6e  Code  Gb  rtx_system.o [2]
osRtxTimerThread             0x23a5    0x4c  Code  Wk  rtx_timer.o [2]
osRtxTimerTick               0x234d    0x54  Code  Lc  rtx_timer.o [2]
osRtxUserSVC                 0x2884     0x4  Data  Wk  rtx_lib.o [1]
osSemaphoreAcquire           0x178d    0x7c  Code  Gb  rtx_semaphore.o [2]
osSemaphoreNew               0x174d    0x3e  Code  Gb  rtx_semaphore.o [2]
osSemaphoreRelease           0x1809    0x88  Code  Gb  rtx_semaphore.o [2]
osThreadExit                  0x9b1    0x16  Code  Gb  rtx_thread.o [2]
osThreadNew                   0x96d    0x40  Code  Gb  rtx_thread.o [2]
os_idle_thread_attr          0x277c    0x24  Data  Lc  rtx_lib.o [1]
os_idle_thread_cb       0x2000'12f8    0x44  Data  Lc  rtx_lib.o [1]
os_idle_thread_stack    0x2000'10a8   0x100  Data  Lc  rtx_lib.o [1]
os_isr_queue            0x2000'1380    0x40  Data  Lc  rtx_lib.o [1]
os_mem                  0x2000'00a8  0x1000  Data  Lc  rtx_lib.o [1]
os_timer_mq_attr             0x2850    0x18  Data  Lc  rtx_lib.o [1]
os_timer_mq_cb          0x2000'13c0    0x34  Data  Lc  rtx_lib.o [1]
os_timer_mq_data        0x2000'12a8    0x50  Data  Lc  rtx_lib.o [1]
os_timer_thread_attr         0x27a0    0x24  Data  Lc  rtx_lib.o [1]
os_timer_thread_cb      0x2000'133c    0x44  Data  Lc  rtx_lib.o [1]
os_timer_thread_stack   0x2000'11a8   0x100  Data  Lc  rtx_lib.o [1]
produtor                     0x23f5    0x36  Code  Gb  main.o [1]
produtor_id             0x2000'13fc     0x4  Data  Gb  main.o [1]
svcRtxDelay                  0x24bd    0x16  Code  Lc  rtx_delay.o [2]
svcRtxKernelGetState         0x19ff    0x12  Code  Lc  rtx_kernel.o [2]
svcRtxKernelInitialize       0x18b9   0x146  Code  Lc  rtx_kernel.o [2]
svcRtxKernelStart            0x1a11    0x98  Code  Lc  rtx_kernel.o [2]
svcRtxMessageQueueGet        0x1055    0xee  Code  Lc  rtx_msgqueue.o [2]
svcRtxMessageQueueNew         0xe51   0x130  Code  Lc  rtx_msgqueue.o [2]
svcRtxMessageQueuePut         0xf81    0xd4  Code  Lc  rtx_msgqueue.o [2]
svcRtxSemaphoreAcquire       0x1665    0x6c  Code  Lc  rtx_semaphore.o [2]
svcRtxSemaphoreNew           0x15cd    0x98  Code  Lc  rtx_semaphore.o [2]
svcRtxSemaphoreRelease       0x16d1    0x68  Code  Lc  rtx_semaphore.o [2]
svcRtxThreadExit              0x893    0x96  Code  Lc  rtx_thread.o [2]
svcRtxThreadNew               0x66f   0x1c8  Code  Lc  rtx_thread.o [2]
vazio_id                0x2000'1404     0x4  Data  Gb  main.o [1]


[1] = C:\Users\Victor\Documents\Sistemas Embarcados\COM RTOS\Tiva_RTOS2_IAR8\prodcons\ewarm\Obj
[2] = RTX_CM4F.a
[3] = dl7M_tln.a
[4] = driverlib.a
[5] = m7M_tls.a
[6] = rt7M_tl.a
[7] = shb_l.a

   9'578 bytes of readonly  code memory
     839 bytes of readonly  data memory
  37'905 bytes of readwrite data memory

Errors: none
Warnings: none
